-- Logs begin at Mon 2017-06-19 21:33:17 UTC, end at Tue 2017-06-20 07:00:24 UTC. --
Jun 19 21:33:17 localhost systemd-journal[133]: Runtime journal is using 8.0M (max allowed 391.1M, trying to leave 586.6M free of 3.8G available → current limit 391.1M).
Jun 19 21:33:17 localhost kernel: Initializing cgroup subsys cpuset
Jun 19 21:33:17 localhost kernel: Initializing cgroup subsys cpu
Jun 19 21:33:17 localhost kernel: Initializing cgroup subsys cpuacct
Jun 19 21:33:17 localhost kernel: Linux version 3.10.0-514.21.1.el7.x86_64 (builder@kbuilder.dev.centos.org) (gcc version 4.8.5 20150623 (Red Hat 4.8.5-11) (GCC) ) #1 SMP Thu May 25 17:04:51 UTC 2017
Jun 19 21:33:17 localhost kernel: Command line: BOOT_IMAGE=/boot/vmlinuz-3.10.0-514.21.1.el7.x86_64 root=UUID=680808cb-4ca5-4a44-852c-ad01fa3093cc ro console=tty0 console=ttyS0,115200n8 crashkernel=auto console=ttyS0,115200 LANG=en_US.UTF-8
Jun 19 21:33:17 localhost kernel: e820: BIOS-provided physical RAM map:
Jun 19 21:33:17 localhost kernel: BIOS-e820: [mem 0x0000000000000000-0x000000000009fbff] usable
Jun 19 21:33:17 localhost kernel: BIOS-e820: [mem 0x000000000009fc00-0x000000000009ffff] reserved
Jun 19 21:33:17 localhost kernel: BIOS-e820: [mem 0x00000000000f0000-0x00000000000fffff] reserved
Jun 19 21:33:17 localhost kernel: BIOS-e820: [mem 0x0000000000100000-0x00000000bffdefff] usable
Jun 19 21:33:17 localhost kernel: BIOS-e820: [mem 0x00000000bffdf000-0x00000000bfffffff] reserved
Jun 19 21:33:17 localhost kernel: BIOS-e820: [mem 0x00000000feffc000-0x00000000feffffff] reserved
Jun 19 21:33:17 localhost kernel: BIOS-e820: [mem 0x00000000fffc0000-0x00000000ffffffff] reserved
Jun 19 21:33:17 localhost kernel: BIOS-e820: [mem 0x0000000100000000-0x000000023fffffff] usable
Jun 19 21:33:17 localhost kernel: NX (Execute Disable) protection: active
Jun 19 21:33:17 localhost kernel: SMBIOS 2.8 present.
Jun 19 21:33:17 localhost kernel: DMI: Red Hat OpenStack Compute, BIOS seabios-1.7.5-11.el7 04/01/2014
Jun 19 21:33:17 localhost kernel: Hypervisor detected: KVM
Jun 19 21:33:17 localhost kernel: e820: update [mem 0x00000000-0x00000fff] usable ==> reserved
Jun 19 21:33:17 localhost kernel: e820: remove [mem 0x000a0000-0x000fffff] usable
Jun 19 21:33:17 localhost kernel: e820: last_pfn = 0x240000 max_arch_pfn = 0x400000000
Jun 19 21:33:17 localhost kernel: MTRR default type: write-back
Jun 19 21:33:17 localhost kernel: MTRR fixed ranges enabled:
Jun 19 21:33:17 localhost kernel:   00000-9FFFF write-back
Jun 19 21:33:17 localhost kernel:   A0000-BFFFF uncachable
Jun 19 21:33:17 localhost kernel:   C0000-FFFFF write-protect
Jun 19 21:33:17 localhost kernel: MTRR variable ranges enabled:
Jun 19 21:33:17 localhost kernel:   0 base 0000C0000000 mask 3FFFC0000000 uncachable
Jun 19 21:33:17 localhost kernel:   1 disabled
Jun 19 21:33:17 localhost kernel:   2 disabled
Jun 19 21:33:17 localhost kernel:   3 disabled
Jun 19 21:33:17 localhost kernel:   4 disabled
Jun 19 21:33:17 localhost kernel:   5 disabled
Jun 19 21:33:17 localhost kernel:   6 disabled
Jun 19 21:33:17 localhost kernel:   7 disabled
Jun 19 21:33:17 localhost kernel: x86 PAT enabled: cpu 0, old 0x7040600070406, new 0x7010600070106
Jun 19 21:33:17 localhost kernel: e820: last_pfn = 0xbffdf max_arch_pfn = 0x400000000
Jun 19 21:33:17 localhost kernel: found SMP MP-table at [mem 0x000f1fc0-0x000f1fcf] mapped at [ffff8800000f1fc0]
Jun 19 21:33:17 localhost kernel: Base memory trampoline at [ffff880000099000] 99000 size 24576
Jun 19 21:33:17 localhost kernel: Using GB pages for direct mapping
Jun 19 21:33:17 localhost kernel: BRK [0x01fa2000, 0x01fa2fff] PGTABLE
Jun 19 21:33:17 localhost kernel: BRK [0x01fa3000, 0x01fa3fff] PGTABLE
Jun 19 21:33:17 localhost kernel: BRK [0x01fa4000, 0x01fa4fff] PGTABLE
Jun 19 21:33:17 localhost kernel: RAMDISK: [mem 0x336a0000-0x35b47fff]
Jun 19 21:33:17 localhost kernel: ACPI: RSDP 00000000000f1f70 00014 (v00 BOCHS )
Jun 19 21:33:17 localhost kernel: ACPI: RSDT 00000000bffe13f4 00030 (v01 BOCHS  BXPCRSDT 00000001 BXPC 00000001)
Jun 19 21:33:17 localhost kernel: ACPI: FACP 00000000bffe0754 00074 (v01 BOCHS  BXPCFACP 00000001 BXPC 00000001)
Jun 19 21:33:17 localhost kernel: ACPI: DSDT 00000000bffdfb80 00BD4 (v01 BOCHS  BXPCDSDT 00000001 BXPC 00000001)
Jun 19 21:33:17 localhost kernel: ACPI: FACS 00000000bffdfb40 00040
Jun 19 21:33:17 localhost kernel: ACPI: SSDT 00000000bffe07c8 00B7C (v01 BOCHS  BXPCSSDT 00000001 BXPC 00000001)
Jun 19 21:33:17 localhost kernel: ACPI: APIC 00000000bffe1344 000B0 (v01 BOCHS  BXPCAPIC 00000001 BXPC 00000001)
Jun 19 21:33:17 localhost kernel: ACPI: Local APIC address 0xfee00000
Jun 19 21:33:17 localhost kernel: No NUMA configuration found
Jun 19 21:33:17 localhost kernel: Faking a node at [mem 0x0000000000000000-0x000000023fffffff]
Jun 19 21:33:17 localhost kernel: Initmem setup node 0 [mem 0x00000000-0x23fffffff]
Jun 19 21:33:17 localhost kernel:   NODE_DATA [mem 0x23ffd7000-0x23fffdfff]
Jun 19 21:33:17 localhost kernel: Reserving 161MB of memory at 656MB for crashkernel (System RAM: 8191MB)
Jun 19 21:33:17 localhost kernel: kvm-clock: Using msrs 4b564d01 and 4b564d00
Jun 19 21:33:17 localhost kernel: kvm-clock: cpu 0, msr 2:3ff87001, primary cpu clock
Jun 19 21:33:17 localhost kernel: kvm-clock: using sched offset of 10005641987 cycles
Jun 19 21:33:17 localhost kernel: Zone ranges:
Jun 19 21:33:17 localhost kernel:   DMA      [mem 0x00001000-0x00ffffff]
Jun 19 21:33:17 localhost kernel:   DMA32    [mem 0x01000000-0xffffffff]
Jun 19 21:33:17 localhost kernel:   Normal   [mem 0x100000000-0x23fffffff]
Jun 19 21:33:17 localhost kernel: Movable zone start for each node
Jun 19 21:33:17 localhost kernel: Early memory node ranges
Jun 19 21:33:17 localhost kernel:   node   0: [mem 0x00001000-0x0009efff]
Jun 19 21:33:17 localhost kernel:   node   0: [mem 0x00100000-0xbffdefff]
Jun 19 21:33:17 localhost kernel:   node   0: [mem 0x100000000-0x23fffffff]
Jun 19 21:33:17 localhost kernel: On node 0 totalpages: 2097021
Jun 19 21:33:17 localhost kernel:   DMA zone: 64 pages used for memmap
Jun 19 21:33:17 localhost kernel:   DMA zone: 21 pages reserved
Jun 19 21:33:17 localhost kernel:   DMA zone: 3998 pages, LIFO batch:0
Jun 19 21:33:17 localhost kernel:   DMA32 zone: 12224 pages used for memmap
Jun 19 21:33:17 localhost kernel:   DMA32 zone: 782303 pages, LIFO batch:31
Jun 19 21:33:17 localhost kernel:   Normal zone: 20480 pages used for memmap
Jun 19 21:33:17 localhost kernel:   Normal zone: 1310720 pages, LIFO batch:31
Jun 19 21:33:17 localhost kernel: ACPI: PM-Timer IO Port: 0x608
Jun 19 21:33:17 localhost kernel: ACPI: Local APIC address 0xfee00000
Jun 19 21:33:17 localhost kernel: ACPI: LAPIC (acpi_id[0x00] lapic_id[0x00] enabled)
Jun 19 21:33:17 localhost kernel: ACPI: LAPIC (acpi_id[0x01] lapic_id[0x01] enabled)
Jun 19 21:33:17 localhost kernel: ACPI: LAPIC (acpi_id[0x02] lapic_id[0x02] enabled)
Jun 19 21:33:17 localhost kernel: ACPI: LAPIC (acpi_id[0x03] lapic_id[0x03] enabled)
Jun 19 21:33:17 localhost kernel: ACPI: LAPIC (acpi_id[0x04] lapic_id[0x04] enabled)
Jun 19 21:33:17 localhost kernel: ACPI: LAPIC (acpi_id[0x05] lapic_id[0x05] enabled)
Jun 19 21:33:17 localhost kernel: ACPI: LAPIC (acpi_id[0x06] lapic_id[0x06] enabled)
Jun 19 21:33:17 localhost kernel: ACPI: LAPIC (acpi_id[0x07] lapic_id[0x07] enabled)
Jun 19 21:33:17 localhost kernel: ACPI: LAPIC_NMI (acpi_id[0xff] dfl dfl lint[0x1])
Jun 19 21:33:17 localhost kernel: ACPI: IOAPIC (id[0x00] address[0xfec00000] gsi_base[0])
Jun 19 21:33:17 localhost kernel: IOAPIC[0]: apic_id 0, version 17, address 0xfec00000, GSI 0-23
Jun 19 21:33:17 localhost kernel: ACPI: INT_SRC_OVR (bus 0 bus_irq 0 global_irq 2 dfl dfl)
Jun 19 21:33:17 localhost kernel: ACPI: INT_SRC_OVR (bus 0 bus_irq 5 global_irq 5 high level)
Jun 19 21:33:17 localhost kernel: ACPI: INT_SRC_OVR (bus 0 bus_irq 9 global_irq 9 high level)
Jun 19 21:33:17 localhost kernel: ACPI: INT_SRC_OVR (bus 0 bus_irq 10 global_irq 10 high level)
Jun 19 21:33:17 localhost kernel: ACPI: INT_SRC_OVR (bus 0 bus_irq 11 global_irq 11 high level)
Jun 19 21:33:17 localhost kernel: ACPI: IRQ0 used by override.
Jun 19 21:33:17 localhost kernel: ACPI: IRQ5 used by override.
Jun 19 21:33:17 localhost kernel: ACPI: IRQ9 used by override.
Jun 19 21:33:17 localhost kernel: ACPI: IRQ10 used by override.
Jun 19 21:33:17 localhost kernel: ACPI: IRQ11 used by override.
Jun 19 21:33:17 localhost kernel: Using ACPI (MADT) for SMP configuration information
Jun 19 21:33:17 localhost kernel: smpboot: Allowing 8 CPUs, 0 hotplug CPUs
Jun 19 21:33:17 localhost kernel: PM: Registered nosave memory: [mem 0x0009f000-0x0009ffff]
Jun 19 21:33:17 localhost kernel: PM: Registered nosave memory: [mem 0x000a0000-0x000effff]
Jun 19 21:33:17 localhost kernel: PM: Registered nosave memory: [mem 0x000f0000-0x000fffff]
Jun 19 21:33:17 localhost kernel: PM: Registered nosave memory: [mem 0xbffdf000-0xbfffffff]
Jun 19 21:33:17 localhost kernel: PM: Registered nosave memory: [mem 0xc0000000-0xfeffbfff]
Jun 19 21:33:17 localhost kernel: PM: Registered nosave memory: [mem 0xfeffc000-0xfeffffff]
Jun 19 21:33:17 localhost kernel: PM: Registered nosave memory: [mem 0xff000000-0xfffbffff]
Jun 19 21:33:17 localhost kernel: PM: Registered nosave memory: [mem 0xfffc0000-0xffffffff]
Jun 19 21:33:17 localhost kernel: e820: [mem 0xc0000000-0xfeffbfff] available for PCI devices
Jun 19 21:33:17 localhost kernel: Booting paravirtualized kernel on KVM
Jun 19 21:33:17 localhost kernel: setup_percpu: NR_CPUS:5120 nr_cpumask_bits:8 nr_cpu_ids:8 nr_node_ids:1
Jun 19 21:33:17 localhost kernel: PERCPU: Embedded 33 pages/cpu @ffff88023fc00000 s96728 r8192 d30248 u262144
Jun 19 21:33:17 localhost kernel: pcpu-alloc: s96728 r8192 d30248 u262144 alloc=1*2097152
Jun 19 21:33:17 localhost kernel: pcpu-alloc: [0] 0 1 2 3 4 5 6 7 
Jun 19 21:33:17 localhost kernel: KVM setup async PF for cpu 0
Jun 19 21:33:17 localhost kernel: kvm-stealtime: cpu 0, msr 23fc0f3c0
Jun 19 21:33:17 localhost kernel: Built 1 zonelists in Zone order, mobility grouping on.  Total pages: 2064232
Jun 19 21:33:17 localhost kernel: Policy zone: Normal
Jun 19 21:33:17 localhost kernel: Kernel command line: BOOT_IMAGE=/boot/vmlinuz-3.10.0-514.21.1.el7.x86_64 root=UUID=680808cb-4ca5-4a44-852c-ad01fa3093cc ro console=tty0 console=ttyS0,115200n8 crashkernel=auto console=ttyS0,115200 LANG=en_US.UTF-8
Jun 19 21:33:17 localhost kernel: PID hash table entries: 4096 (order: 3, 32768 bytes)
Jun 19 21:33:17 localhost kernel: x86/fpu: xstate_offset[2]: 0240, xstate_sizes[2]: 0100
Jun 19 21:33:17 localhost kernel: xsave: enabled xstate_bv 0x7, cntxt size 0x340 using standard form
Jun 19 21:33:17 localhost kernel: Memory: 4958272k/9437184k available (6768k kernel code, 1049100k absent, 417436k reserved, 4445k data, 1680k init)
Jun 19 21:33:17 localhost kernel: SLUB: HWalign=64, Order=0-3, MinObjects=0, CPUs=8, Nodes=1
Jun 19 21:33:17 localhost kernel: Hierarchical RCU implementation.
Jun 19 21:33:17 localhost kernel:         RCU restricting CPUs from NR_CPUS=5120 to nr_cpu_ids=8.
Jun 19 21:33:17 localhost kernel: NR_IRQS:327936 nr_irqs:488 0
Jun 19 21:33:17 localhost kernel: Console: colour VGA+ 80x25
Jun 19 21:33:17 localhost kernel: console [tty0] enabled
Jun 19 21:33:17 localhost kernel: console [ttyS0] enabled
Jun 19 21:33:17 localhost kernel: allocated 33554432 bytes of page_cgroup
Jun 19 21:33:17 localhost kernel: please try 'cgroup_disable=memory' option if you don't want memory cgroups
Jun 19 21:33:17 localhost kernel: tsc: Detected 2194.710 MHz processor
Jun 19 21:33:17 localhost kernel: Calibrating delay loop (skipped) preset value.. 4389.42 BogoMIPS (lpj=2194710)
Jun 19 21:33:17 localhost kernel: pid_max: default: 32768 minimum: 301
Jun 19 21:33:17 localhost kernel: Security Framework initialized
Jun 19 21:33:17 localhost kernel: SELinux:  Initializing.
Jun 19 21:33:17 localhost kernel: SELinux:  Starting in permissive mode
Jun 19 21:33:17 localhost kernel: Dentry cache hash table entries: 1048576 (order: 11, 8388608 bytes)
Jun 19 21:33:17 localhost kernel: Inode-cache hash table entries: 524288 (order: 10, 4194304 bytes)
Jun 19 21:33:17 localhost kernel: Mount-cache hash table entries: 4096
Jun 19 21:33:17 localhost kernel: Initializing cgroup subsys memory
Jun 19 21:33:17 localhost kernel: Initializing cgroup subsys devices
Jun 19 21:33:17 localhost kernel: Initializing cgroup subsys freezer
Jun 19 21:33:17 localhost kernel: Initializing cgroup subsys net_cls
Jun 19 21:33:17 localhost kernel: Initializing cgroup subsys blkio
Jun 19 21:33:17 localhost kernel: Initializing cgroup subsys perf_event
Jun 19 21:33:17 localhost kernel: Initializing cgroup subsys hugetlb
Jun 19 21:33:17 localhost kernel: Initializing cgroup subsys pids
Jun 19 21:33:17 localhost kernel: Initializing cgroup subsys net_prio
Jun 19 21:33:17 localhost kernel: mce: CPU supports 10 MCE banks
Jun 19 21:33:17 localhost kernel: Last level iTLB entries: 4KB 0, 2MB 0, 4MB 0
Jun 19 21:33:17 localhost kernel: Last level dTLB entries: 4KB 0, 2MB 0, 4MB 0
Jun 19 21:33:17 localhost kernel: tlb_flushall_shift: 2
Jun 19 21:33:17 localhost kernel: Freeing SMP alternatives: 28k freed
Jun 19 21:33:17 localhost kernel: ACPI: Core revision 20130517
Jun 19 21:33:17 localhost kernel: ACPI: All ACPI Tables successfully acquired
Jun 19 21:33:17 localhost kernel: ftrace: allocating 25815 entries in 101 pages
Jun 19 21:33:17 localhost kernel: smpboot: Max logical packages: 8
Jun 19 21:33:17 localhost kernel: Enabling x2apic
Jun 19 21:33:17 localhost kernel: Enabled x2apic
Jun 19 21:33:17 localhost kernel: Switched APIC routing to physical x2apic.
Jun 19 21:33:17 localhost kernel: ..TIMER: vector=0x30 apic1=0 pin1=2 apic2=-1 pin2=-1
Jun 19 21:33:17 localhost kernel: smpboot: CPU0: Intel Xeon E3-12xx v2 (Ivy Bridge) (fam: 06, model: 3a, stepping: 09)
Jun 19 21:33:17 localhost kernel: TSC deadline timer enabled
Jun 19 21:33:17 localhost kernel: Performance Events: unsupported p6 CPU model 58 no PMU driver, software events only.
Jun 19 21:33:17 localhost kernel: KVM setup paravirtual spinlock
Jun 19 21:33:17 localhost kernel: kvm-clock: cpu 1, msr 2:3ff87041, secondary cpu clock
Jun 19 21:33:17 localhost kernel: KVM setup async PF for cpu 1
Jun 19 21:33:17 localhost kernel: kvm-clock: cpu 2, msr 2:3ff87081, secondary cpu clock
Jun 19 21:33:17 localhost kernel: kvm-stealtime: cpu 1, msr 23fc4f3c0
Jun 19 21:33:17 localhost kernel: KVM setup async PF for cpu 2
Jun 19 21:33:17 localhost kernel: kvm-clock: cpu 3, msr 2:3ff870c1, secondary cpu clock
Jun 19 21:33:17 localhost kernel: kvm-stealtime: cpu 2, msr 23fc8f3c0
Jun 19 21:33:17 localhost kernel: KVM setup async PF for cpu 3
Jun 19 21:33:17 localhost kernel: kvm-clock: cpu 4, msr 2:3ff87101, secondary cpu clock
Jun 19 21:33:17 localhost kernel: kvm-stealtime: cpu 3, msr 23fccf3c0
Jun 19 21:33:17 localhost kernel: KVM setup async PF for cpu 4
Jun 19 21:33:17 localhost kernel: kvm-clock: cpu 5, msr 2:3ff87141, secondary cpu clock
Jun 19 21:33:17 localhost kernel: kvm-stealtime: cpu 4, msr 23fd0f3c0
Jun 19 21:33:17 localhost kernel: KVM setup async PF for cpu 5
Jun 19 21:33:17 localhost kernel: kvm-clock: cpu 6, msr 2:3ff87181, secondary cpu clock
Jun 19 21:33:17 localhost kernel: kvm-stealtime: cpu 5, msr 23fd4f3c0
Jun 19 21:33:17 localhost kernel: KVM setup async PF for cpu 6
Jun 19 21:33:17 localhost kernel: smpboot: Booting Node   0, Processors  #1 #2 #3 #4 #5 #6 #7 OK
Jun 19 21:33:17 localhost kernel: kvm-clock: cpu 7, msr 2:3ff871c1, secondary cpu clock
Jun 19 21:33:17 localhost kernel: kvm-stealtime: cpu 6, msr 23fd8f3c0
Jun 19 21:33:17 localhost kernel: Brought up 8 CPUs
Jun 19 21:33:17 localhost kernel: KVM setup async PF for cpu 7
Jun 19 21:33:17 localhost kernel: kvm-stealtime: cpu 7, msr 23fdcf3c0
Jun 19 21:33:17 localhost kernel: smpboot: Total of 8 processors activated (35115.36 BogoMIPS)
Jun 19 21:33:17 localhost kernel: node 0 initialised, 753094 pages in 19ms
Jun 19 21:33:17 localhost kernel: devtmpfs: initialized
Jun 19 21:33:17 localhost kernel: EVM: security.selinux
Jun 19 21:33:17 localhost kernel: EVM: security.ima
Jun 19 21:33:17 localhost kernel: EVM: security.capability
Jun 19 21:33:17 localhost kernel: atomic64 test passed for x86-64 platform with CX8 and with SSE
Jun 19 21:33:17 localhost kernel: pinctrl core: initialized pinctrl subsystem
Jun 19 21:33:17 localhost kernel: NET: Registered protocol family 16
Jun 19 21:33:17 localhost kernel: ACPI: bus type PCI registered
Jun 19 21:33:17 localhost kernel: acpiphp: ACPI Hot Plug PCI Controller Driver version: 0.5
Jun 19 21:33:17 localhost kernel: PCI: Using configuration type 1 for base access
Jun 19 21:33:17 localhost kernel: ACPI: Added _OSI(Module Device)
Jun 19 21:33:17 localhost kernel: ACPI: Added _OSI(Processor Device)
Jun 19 21:33:17 localhost kernel: ACPI: Added _OSI(3.0 _SCP Extensions)
Jun 19 21:33:17 localhost kernel: ACPI: Added _OSI(Processor Aggregator Device)
Jun 19 21:33:17 localhost kernel: ACPI: EC: Look up EC in DSDT
Jun 19 21:33:17 localhost kernel: ACPI: Interpreter enabled
Jun 19 21:33:17 localhost kernel: ACPI: (supports S0 S5)
Jun 19 21:33:17 localhost kernel: ACPI: Using IOAPIC for interrupt routing
Jun 19 21:33:17 localhost kernel: PCI: Using host bridge windows from ACPI; if necessary, use "pci=nocrs" and report a bug
Jun 19 21:33:17 localhost kernel: ACPI: PCI Root Bridge [PCI0] (domain 0000 [bus 00-ff])
Jun 19 21:33:17 localhost kernel: acpi PNP0A03:00: _OSC: OS supports [ASPM ClockPM Segments MSI]
Jun 19 21:33:17 localhost kernel: acpi PNP0A03:00: _OSC failed (AE_NOT_FOUND); disabling ASPM
Jun 19 21:33:17 localhost kernel: acpi PNP0A03:00: fail to add MMCONFIG information, can't access extended PCI configuration space under this bridge.
Jun 19 21:33:17 localhost kernel: acpiphp: Slot [3] registered
Jun 19 21:33:17 localhost kernel: acpiphp: Slot [4] registered
Jun 19 21:33:17 localhost kernel: acpiphp: Slot [5] registered
Jun 19 21:33:17 localhost kernel: acpiphp: Slot [6] registered
Jun 19 21:33:17 localhost kernel: acpiphp: Slot [7] registered
Jun 19 21:33:17 localhost kernel: acpiphp: Slot [8] registered
Jun 19 21:33:17 localhost kernel: acpiphp: Slot [9] registered
Jun 19 21:33:17 localhost kernel: acpiphp: Slot [10] registered
Jun 19 21:33:17 localhost kernel: acpiphp: Slot [11] registered
Jun 19 21:33:17 localhost kernel: acpiphp: Slot [12] registered
Jun 19 21:33:17 localhost kernel: acpiphp: Slot [13] registered
Jun 19 21:33:17 localhost kernel: acpiphp: Slot [14] registered
Jun 19 21:33:17 localhost kernel: acpiphp: Slot [15] registered
Jun 19 21:33:17 localhost kernel: acpiphp: Slot [16] registered
Jun 19 21:33:17 localhost kernel: acpiphp: Slot [17] registered
Jun 19 21:33:17 localhost kernel: acpiphp: Slot [18] registered
Jun 19 21:33:17 localhost kernel: acpiphp: Slot [19] registered
Jun 19 21:33:17 localhost kernel: acpiphp: Slot [20] registered
Jun 19 21:33:17 localhost kernel: acpiphp: Slot [21] registered
Jun 19 21:33:17 localhost kernel: acpiphp: Slot [22] registered
Jun 19 21:33:17 localhost kernel: acpiphp: Slot [23] registered
Jun 19 21:33:17 localhost kernel: acpiphp: Slot [24] registered
Jun 19 21:33:17 localhost kernel: acpiphp: Slot [25] registered
Jun 19 21:33:17 localhost kernel: acpiphp: Slot [26] registered
Jun 19 21:33:17 localhost kernel: acpiphp: Slot [27] registered
Jun 19 21:33:17 localhost kernel: acpiphp: Slot [28] registered
Jun 19 21:33:17 localhost kernel: acpiphp: Slot [29] registered
Jun 19 21:33:17 localhost kernel: acpiphp: Slot [30] registered
Jun 19 21:33:17 localhost kernel: acpiphp: Slot [31] registered
Jun 19 21:33:17 localhost kernel: PCI host bridge to bus 0000:00
Jun 19 21:33:17 localhost kernel: pci_bus 0000:00: root bus resource [bus 00-ff]
Jun 19 21:33:17 localhost kernel: pci_bus 0000:00: root bus resource [io  0x0000-0x0cf7 window]
Jun 19 21:33:17 localhost kernel: pci_bus 0000:00: root bus resource [io  0x0d00-0xffff window]
Jun 19 21:33:17 localhost kernel: pci_bus 0000:00: root bus resource [mem 0x000a0000-0x000bffff window]
Jun 19 21:33:17 localhost kernel: pci_bus 0000:00: root bus resource [mem 0xc0000000-0xfebfffff window]
Jun 19 21:33:17 localhost kernel: pci 0000:00:00.0: [8086:1237] type 00 class 0x060000
Jun 19 21:33:17 localhost kernel: pci 0000:00:01.0: [8086:7000] type 00 class 0x060100
Jun 19 21:33:17 localhost kernel: pci 0000:00:01.1: [8086:7010] type 00 class 0x010180
Jun 19 21:33:17 localhost kernel: pci 0000:00:01.1: reg 0x20: [io  0xc0a0-0xc0af]
Jun 19 21:33:17 localhost kernel: pci 0000:00:01.1: legacy IDE quirk: reg 0x10: [io  0x01f0-0x01f7]
Jun 19 21:33:17 localhost kernel: pci 0000:00:01.1: legacy IDE quirk: reg 0x14: [io  0x03f6]
Jun 19 21:33:17 localhost kernel: pci 0000:00:01.1: legacy IDE quirk: reg 0x18: [io  0x0170-0x0177]
Jun 19 21:33:17 localhost kernel: pci 0000:00:01.1: legacy IDE quirk: reg 0x1c: [io  0x0376]
Jun 19 21:33:17 localhost kernel: pci 0000:00:01.2: [8086:7020] type 00 class 0x0c0300
Jun 19 21:33:17 localhost kernel: pci 0000:00:01.2: reg 0x20: [io  0xc040-0xc05f]
Jun 19 21:33:17 localhost kernel: pci 0000:00:01.3: [8086:7113] type 00 class 0x068000
Jun 19 21:33:17 localhost kernel: pci 0000:00:01.3: quirk: [io  0x0600-0x063f] claimed by PIIX4 ACPI
Jun 19 21:33:17 localhost kernel: pci 0000:00:01.3: quirk: [io  0x0700-0x070f] claimed by PIIX4 SMB
Jun 19 21:33:17 localhost kernel: pci 0000:00:02.0: [1013:00b8] type 00 class 0x030000
Jun 19 21:33:17 localhost kernel: pci 0000:00:02.0: reg 0x10: [mem 0xfc000000-0xfdffffff pref]
Jun 19 21:33:17 localhost kernel: pci 0000:00:02.0: reg 0x14: [mem 0xfebd0000-0xfebd0fff]
Jun 19 21:33:17 localhost kernel: pci 0000:00:02.0: reg 0x30: [mem 0xfebc0000-0xfebcffff pref]
Jun 19 21:33:17 localhost kernel: pci 0000:00:03.0: [1af4:1000] type 00 class 0x020000
Jun 19 21:33:17 localhost kernel: pci 0000:00:03.0: reg 0x10: [io  0xc060-0xc07f]
Jun 19 21:33:17 localhost kernel: pci 0000:00:03.0: reg 0x14: [mem 0xfebd1000-0xfebd1fff]
Jun 19 21:33:17 localhost kernel: pci 0000:00:03.0: reg 0x30: [mem 0xfeb80000-0xfebbffff pref]
Jun 19 21:33:17 localhost kernel: pci 0000:00:04.0: [1af4:1001] type 00 class 0x010000
Jun 19 21:33:17 localhost kernel: pci 0000:00:04.0: reg 0x10: [io  0xc000-0xc03f]
Jun 19 21:33:17 localhost kernel: pci 0000:00:04.0: reg 0x14: [mem 0xfebd2000-0xfebd2fff]
Jun 19 21:33:17 localhost kernel: pci 0000:00:05.0: [1af4:1002] type 00 class 0x00ff00
Jun 19 21:33:17 localhost kernel: pci 0000:00:05.0: reg 0x10: [io  0xc080-0xc09f]
Jun 19 21:33:17 localhost kernel: ACPI: PCI Interrupt Link [LNKA] (IRQs 5 *10 11)
Jun 19 21:33:17 localhost kernel: ACPI: PCI Interrupt Link [LNKB] (IRQs 5 *10 11)
Jun 19 21:33:17 localhost kernel: ACPI: PCI Interrupt Link [LNKC] (IRQs 5 10 *11)
Jun 19 21:33:17 localhost kernel: ACPI: PCI Interrupt Link [LNKD] (IRQs 5 10 *11)
Jun 19 21:33:17 localhost kernel: ACPI: PCI Interrupt Link [LNKS] (IRQs *9)
Jun 19 21:33:17 localhost kernel: ACPI: Enabled 16 GPEs in block 00 to 0F
Jun 19 21:33:17 localhost kernel: vgaarb: device added: PCI:0000:00:02.0,decodes=io+mem,owns=io+mem,locks=none
Jun 19 21:33:17 localhost kernel: vgaarb: loaded
Jun 19 21:33:17 localhost kernel: vgaarb: bridge control possible 0000:00:02.0
Jun 19 21:33:17 localhost kernel: SCSI subsystem initialized
Jun 19 21:33:17 localhost kernel: ACPI: bus type USB registered
Jun 19 21:33:17 localhost kernel: usbcore: registered new interface driver usbfs
Jun 19 21:33:17 localhost kernel: usbcore: registered new interface driver hub
Jun 19 21:33:17 localhost kernel: usbcore: registered new device driver usb
Jun 19 21:33:17 localhost kernel: PCI: Using ACPI for IRQ routing
Jun 19 21:33:17 localhost kernel: PCI: pci_cache_line_size set to 64 bytes
Jun 19 21:33:17 localhost kernel: e820: reserve RAM buffer [mem 0x0009fc00-0x0009ffff]
Jun 19 21:33:17 localhost kernel: e820: reserve RAM buffer [mem 0xbffdf000-0xbfffffff]
Jun 19 21:33:17 localhost kernel: NetLabel: Initializing
Jun 19 21:33:17 localhost kernel: NetLabel:  domain hash size = 128
Jun 19 21:33:17 localhost kernel: NetLabel:  protocols = UNLABELED CIPSOv4
Jun 19 21:33:17 localhost kernel: NetLabel:  unlabeled traffic allowed by default
Jun 19 21:33:17 localhost kernel: Switched to clocksource kvm-clock
Jun 19 21:33:17 localhost kernel: pnp: PnP ACPI init
Jun 19 21:33:17 localhost kernel: ACPI: bus type PNP registered
Jun 19 21:33:17 localhost kernel: pnp 00:00: Plug and Play ACPI device, IDs PNP0b00 (active)
Jun 19 21:33:17 localhost kernel: pnp 00:01: Plug and Play ACPI device, IDs PNP0303 (active)
Jun 19 21:33:17 localhost kernel: pnp 00:02: Plug and Play ACPI device, IDs PNP0f13 (active)
Jun 19 21:33:17 localhost kernel: pnp 00:03: [dma 2]
Jun 19 21:33:17 localhost kernel: pnp 00:03: Plug and Play ACPI device, IDs PNP0700 (active)
Jun 19 21:33:17 localhost kernel: pnp 00:04: Plug and Play ACPI device, IDs PNP0501 (active)
Jun 19 21:33:17 localhost kernel: pnp 00:05: Plug and Play ACPI device, IDs PNP0501 (active)
Jun 19 21:33:17 localhost kernel: pnp: PnP ACPI: found 6 devices
Jun 19 21:33:17 localhost kernel: ACPI: bus type PNP unregistered
Jun 19 21:33:17 localhost kernel: pci_bus 0000:00: resource 4 [io  0x0000-0x0cf7 window]
Jun 19 21:33:17 localhost kernel: pci_bus 0000:00: resource 5 [io  0x0d00-0xffff window]
Jun 19 21:33:17 localhost kernel: pci_bus 0000:00: resource 6 [mem 0x000a0000-0x000bffff window]
Jun 19 21:33:17 localhost kernel: pci_bus 0000:00: resource 7 [mem 0xc0000000-0xfebfffff window]
Jun 19 21:33:17 localhost kernel: NET: Registered protocol family 2
Jun 19 21:33:17 localhost kernel: TCP established hash table entries: 65536 (order: 7, 524288 bytes)
Jun 19 21:33:17 localhost kernel: TCP bind hash table entries: 65536 (order: 8, 1048576 bytes)
Jun 19 21:33:17 localhost kernel: TCP: Hash tables configured (established 65536 bind 65536)
Jun 19 21:33:17 localhost kernel: TCP: reno registered
Jun 19 21:33:17 localhost kernel: UDP hash table entries: 4096 (order: 5, 131072 bytes)
Jun 19 21:33:17 localhost kernel: UDP-Lite hash table entries: 4096 (order: 5, 131072 bytes)
Jun 19 21:33:17 localhost kernel: NET: Registered protocol family 1
Jun 19 21:33:17 localhost kernel: pci 0000:00:00.0: Limiting direct PCI/PCI transfers
Jun 19 21:33:17 localhost kernel: pci 0000:00:01.0: PIIX3: Enabling Passive Release
Jun 19 21:33:17 localhost kernel: pci 0000:00:01.0: Activating ISA DMA hang workarounds
Jun 19 21:33:17 localhost kernel: ACPI: PCI Interrupt Link [LNKD] enabled at IRQ 11
Jun 19 21:33:17 localhost kernel: pci 0000:00:02.0: Boot video device
Jun 19 21:33:17 localhost kernel: PCI: CLS 0 bytes, default 64
Jun 19 21:33:17 localhost kernel: Unpacking initramfs...
Jun 19 21:33:17 localhost kernel: Freeing initrd memory: 37536k freed
Jun 19 21:33:17 localhost kernel: PCI-DMA: Using software bounce buffering for IO (SWIOTLB)
Jun 19 21:33:17 localhost kernel: software IO TLB [mem 0xbbfdf000-0xbffdf000] (64MB) mapped at [ffff8800bbfdf000-ffff8800bffdefff]
Jun 19 21:33:17 localhost kernel: sha1_ssse3: Using AVX optimized SHA-1 implementation
Jun 19 21:33:17 localhost kernel: sha256_ssse3: Using AVX optimized SHA-256 implementation
Jun 19 21:33:17 localhost kernel: futex hash table entries: 2048 (order: 5, 131072 bytes)
Jun 19 21:33:17 localhost kernel: Initialise system trusted keyring
Jun 19 21:33:17 localhost kernel: audit: initializing netlink socket (disabled)
Jun 19 21:33:17 localhost kernel: type=2000 audit(1497907997.240:1): initialized
Jun 19 21:33:17 localhost kernel: HugeTLB registered 1 GB page size, pre-allocated 0 pages
Jun 19 21:33:17 localhost kernel: HugeTLB registered 2 MB page size, pre-allocated 0 pages
Jun 19 21:33:17 localhost kernel: zpool: loaded
Jun 19 21:33:17 localhost kernel: zbud: loaded
Jun 19 21:33:17 localhost kernel: VFS: Disk quotas dquot_6.5.2
Jun 19 21:33:17 localhost kernel: Dquot-cache hash table entries: 512 (order 0, 4096 bytes)
Jun 19 21:33:17 localhost kernel: msgmni has been set to 15641
Jun 19 21:33:17 localhost kernel: Key type big_key registered
Jun 19 21:33:17 localhost kernel: SELinux:  Registering netfilter hooks
Jun 19 21:33:17 localhost kernel: NET: Registered protocol family 38
Jun 19 21:33:17 localhost kernel: Key type asymmetric registered
Jun 19 21:33:17 localhost kernel: Asymmetric key parser 'x509' registered
Jun 19 21:33:17 localhost kernel: Block layer SCSI generic (bsg) driver version 0.4 loaded (major 251)
Jun 19 21:33:17 localhost kernel: io scheduler noop registered
Jun 19 21:33:17 localhost kernel: io scheduler deadline registered (default)
Jun 19 21:33:17 localhost kernel: io scheduler cfq registered
Jun 19 21:33:17 localhost kernel: pci_hotplug: PCI Hot Plug PCI Core version: 0.5
Jun 19 21:33:17 localhost kernel: pciehp: PCI Express Hot Plug Controller Driver version: 0.4
Jun 19 21:33:17 localhost kernel: intel_idle: does not run on family 6 model 58
Jun 19 21:33:17 localhost kernel: input: Power Button as /devices/LNXSYSTM:00/LNXPWRBN:00/input/input0
Jun 19 21:33:17 localhost kernel: ACPI: Power Button [PWRF]
Jun 19 21:33:17 localhost kernel: GHES: HEST is not enabled!
Jun 19 21:33:17 localhost kernel: Serial: 8250/16550 driver, 4 ports, IRQ sharing enabled
Jun 19 21:33:17 localhost kernel: 00:04: ttyS0 at I/O 0x3f8 (irq = 4) is a 16550A
Jun 19 21:33:17 localhost kernel: 00:05: ttyS1 at I/O 0x2f8 (irq = 3) is a 16550A
Jun 19 21:33:17 localhost kernel: Non-volatile memory driver v1.3
Jun 19 21:33:17 localhost kernel: Linux agpgart interface v0.103
Jun 19 21:33:17 localhost kernel: crash memory driver: version 1.1
Jun 19 21:33:17 localhost kernel: rdac: device handler registered
Jun 19 21:33:17 localhost kernel: hp_sw: device handler registered
Jun 19 21:33:17 localhost kernel: emc: device handler registered
Jun 19 21:33:17 localhost kernel: alua: device handler registered
Jun 19 21:33:17 localhost kernel: libphy: Fixed MDIO Bus: probed
Jun 19 21:33:17 localhost kernel: ehci_hcd: USB 2.0 'Enhanced' Host Controller (EHCI) Driver
Jun 19 21:33:17 localhost kernel: ehci-pci: EHCI PCI platform driver
Jun 19 21:33:17 localhost kernel: ohci_hcd: USB 1.1 'Open' Host Controller (OHCI) Driver
Jun 19 21:33:17 localhost kernel: ohci-pci: OHCI PCI platform driver
Jun 19 21:33:17 localhost kernel: uhci_hcd: USB Universal Host Controller Interface driver
Jun 19 21:33:17 localhost kernel: uhci_hcd 0000:00:01.2: UHCI Host Controller
Jun 19 21:33:17 localhost kernel: uhci_hcd 0000:00:01.2: new USB bus registered, assigned bus number 1
Jun 19 21:33:17 localhost kernel: uhci_hcd 0000:00:01.2: detected 2 ports
Jun 19 21:33:17 localhost kernel: uhci_hcd 0000:00:01.2: irq 11, io base 0x0000c040
Jun 19 21:33:17 localhost kernel: usb usb1: New USB device found, idVendor=1d6b, idProduct=0001
Jun 19 21:33:17 localhost kernel: usb usb1: New USB device strings: Mfr=3, Product=2, SerialNumber=1
Jun 19 21:33:17 localhost kernel: usb usb1: Product: UHCI Host Controller
Jun 19 21:33:17 localhost kernel: usb usb1: Manufacturer: Linux 3.10.0-514.21.1.el7.x86_64 uhci_hcd
Jun 19 21:33:17 localhost kernel: usb usb1: SerialNumber: 0000:00:01.2
Jun 19 21:33:17 localhost kernel: hub 1-0:1.0: USB hub found
Jun 19 21:33:17 localhost kernel: hub 1-0:1.0: 2 ports detected
Jun 19 21:33:17 localhost kernel: usbcore: registered new interface driver usbserial
Jun 19 21:33:17 localhost kernel: usbcore: registered new interface driver usbserial_generic
Jun 19 21:33:17 localhost kernel: usbserial: USB Serial support registered for generic
Jun 19 21:33:17 localhost kernel: i8042: PNP: PS/2 Controller [PNP0303:KBD,PNP0f13:MOU] at 0x60,0x64 irq 1,12
Jun 19 21:33:17 localhost kernel: serio: i8042 KBD port at 0x60,0x64 irq 1
Jun 19 21:33:17 localhost kernel: serio: i8042 AUX port at 0x60,0x64 irq 12
Jun 19 21:33:17 localhost kernel: mousedev: PS/2 mouse device common for all mice
Jun 19 21:33:17 localhost kernel: input: AT Translated Set 2 keyboard as /devices/platform/i8042/serio0/input/input1
Jun 19 21:33:17 localhost kernel: input: VirtualPS/2 VMware VMMouse as /devices/platform/i8042/serio1/input/input2
Jun 19 21:33:17 localhost kernel: rtc_cmos 00:00: RTC can wake from S4
Jun 19 21:33:17 localhost kernel: input: VirtualPS/2 VMware VMMouse as /devices/platform/i8042/serio1/input/input3
Jun 19 21:33:17 localhost kernel: rtc_cmos 00:00: rtc core: registered rtc_cmos as rtc0
Jun 19 21:33:17 localhost kernel: rtc_cmos 00:00: alarms up to one day, 114 bytes nvram
Jun 19 21:33:17 localhost kernel: cpuidle: using governor menu
Jun 19 21:33:17 localhost kernel: hidraw: raw HID events driver (C) Jiri Kosina
Jun 19 21:33:17 localhost kernel: usbcore: registered new interface driver usbhid
Jun 19 21:33:17 localhost kernel: usbhid: USB HID core driver
Jun 19 21:33:17 localhost kernel: drop_monitor: Initializing network drop monitor service
Jun 19 21:33:17 localhost kernel: TCP: cubic registered
Jun 19 21:33:17 localhost kernel: Initializing XFRM netlink socket
Jun 19 21:33:17 localhost kernel: NET: Registered protocol family 10
Jun 19 21:33:17 localhost kernel: NET: Registered protocol family 17
Jun 19 21:33:17 localhost kernel: microcode: CPU0 sig=0x306a9, pf=0x1, revision=0x1
Jun 19 21:33:17 localhost kernel: microcode: CPU1 sig=0x306a9, pf=0x1, revision=0x1
Jun 19 21:33:17 localhost kernel: microcode: CPU2 sig=0x306a9, pf=0x1, revision=0x1
Jun 19 21:33:17 localhost kernel: microcode: CPU3 sig=0x306a9, pf=0x1, revision=0x1
Jun 19 21:33:17 localhost kernel: microcode: CPU4 sig=0x306a9, pf=0x1, revision=0x1
Jun 19 21:33:17 localhost kernel: microcode: CPU5 sig=0x306a9, pf=0x1, revision=0x1
Jun 19 21:33:17 localhost kernel: microcode: CPU6 sig=0x306a9, pf=0x1, revision=0x1
Jun 19 21:33:17 localhost kernel: microcode: CPU7 sig=0x306a9, pf=0x1, revision=0x1
Jun 19 21:33:17 localhost kernel: microcode: Microcode Update Driver: v2.01 <tigran@aivazian.fsnet.co.uk>, Peter Oruba
Jun 19 21:33:17 localhost kernel: Loading compiled-in X.509 certificates
Jun 19 21:33:17 localhost kernel: Loaded X.509 cert 'CentOS Linux kpatch signing key: ea0413152cde1d98ebdca3fe6f0230904c9ef717'
Jun 19 21:33:17 localhost kernel: Loaded X.509 cert 'CentOS Linux Driver update signing key: 7f421ee0ab69461574bb358861dbe77762a4201b'
Jun 19 21:33:17 localhost kernel: Loaded X.509 cert 'CentOS Linux kernel signing key: 8e8a72db1afef85d97e6c5b228dbfc11ce88e88e'
Jun 19 21:33:17 localhost kernel: registered taskstats version 1
Jun 19 21:33:17 localhost kernel: Key type trusted registered
Jun 19 21:33:17 localhost kernel: Key type encrypted registered
Jun 19 21:33:17 localhost kernel: IMA: No TPM chip found, activating TPM-bypass!
Jun 19 21:33:17 localhost kernel: rtc_cmos 00:00: setting system clock to 2017-06-19 21:33:17 UTC (1497907997)
Jun 19 21:33:17 localhost kernel: Freeing unused kernel memory: 1680k freed
Jun 19 21:33:17 localhost systemd[1]: systemd 219 running in system mode. (+PAM +AUDIT +SELINUX +IMA -APPARMOR +SMACK +SYSVINIT +UTMP +LIBCRYPTSETUP +GCRYPT +GNUTLS +ACL +XZ -LZ4 -SECCOMP +BLKID +ELFUTILS +KMOD +IDN)
Jun 19 21:33:17 localhost systemd[1]: Detected virtualization kvm.
Jun 19 21:33:17 localhost systemd[1]: Detected architecture x86-64.
Jun 19 21:33:17 localhost systemd[1]: Running in initial RAM disk.
Jun 19 21:33:17 localhost systemd[1]: No hostname configured.
Jun 19 21:33:17 localhost systemd[1]: Set hostname to <localhost>.
Jun 19 21:33:17 localhost systemd[1]: Initializing machine ID from KVM UUID.
Jun 19 21:33:17 localhost systemd[1]: Reached target Timers.
Jun 19 21:33:17 localhost systemd[1]: Starting Timers.
Jun 19 21:33:17 localhost systemd[1]: Started Dispatch Password Requests to Console Directory Watch.
Jun 19 21:33:17 localhost systemd[1]: Starting Dispatch Password Requests to Console Directory Watch.
Jun 19 21:33:17 localhost systemd[1]: Reached target Paths.
Jun 19 21:33:17 localhost systemd[1]: Starting Paths.
Jun 19 21:33:17 localhost systemd[1]: Created slice Root Slice.
Jun 19 21:33:17 localhost systemd[1]: Starting Root Slice.
Jun 19 21:33:17 localhost systemd[1]: Listening on udev Kernel Socket.
Jun 19 21:33:17 localhost systemd[1]: Starting udev Kernel Socket.
Jun 19 21:33:17 localhost systemd[1]: Listening on Journal Socket.
Jun 19 21:33:17 localhost systemd[1]: Starting Journal Socket.
Jun 19 21:33:17 localhost systemd[1]: Listening on udev Control Socket.
Jun 19 21:33:17 localhost systemd[1]: Starting udev Control Socket.
Jun 19 21:33:17 localhost systemd[1]: Reached target Sockets.
Jun 19 21:33:17 localhost systemd[1]: Starting Sockets.
Jun 19 21:33:17 localhost systemd[1]: Created slice System Slice.
Jun 19 21:33:17 localhost systemd[1]: Starting System Slice.
Jun 19 21:33:17 localhost systemd[1]: Reached target Slices.
Jun 19 21:33:17 localhost systemd[1]: Starting Slices.
Jun 19 21:33:17 localhost systemd[1]: Starting dracut cmdline hook...
Jun 19 21:33:17 localhost systemd[1]: Starting Create list of required static device nodes for the current kernel...
Jun 19 21:33:17 localhost systemd[1]: Starting Apply Kernel Variables...
Jun 19 21:33:17 localhost systemd[1]: Starting Journal Service...
Jun 19 21:33:17 localhost systemd[1]: Reached target Swap.
Jun 19 21:33:17 localhost systemd[1]: Starting Swap.
Jun 19 21:33:17 localhost systemd[1]: Reached target Local File Systems.
Jun 19 21:33:17 localhost systemd[1]: Starting Local File Systems.
Jun 19 21:33:17 localhost systemd[1]: Started Create list of required static device nodes for the current kernel.
Jun 19 21:33:17 localhost systemd-journal[133]: Journal started
Jun 19 21:33:17 localhost systemd[1]: Started Apply Kernel Variables.
Jun 19 21:33:17 localhost systemd[1]: Started Journal Service.
Jun 19 21:33:17 localhost systemd[1]: Starting Create Static Device Nodes in /dev...
Jun 19 21:33:17 localhost systemd[1]: Started Create Static Device Nodes in /dev.
Jun 19 21:33:17 localhost systemd[1]: Started dracut cmdline hook.
Jun 19 21:33:17 localhost systemd[1]: Starting dracut pre-udev hook...
Jun 19 21:33:17 localhost kernel: RPC: Registered named UNIX socket transport module.
Jun 19 21:33:17 localhost kernel: RPC: Registered udp transport module.
Jun 19 21:33:17 localhost kernel: RPC: Registered tcp transport module.
Jun 19 21:33:17 localhost kernel: RPC: Registered tcp NFSv4.1 backchannel transport module.
Jun 19 21:33:17 localhost rpc.statd[227]: Version 1.3.0 starting
Jun 19 21:33:17 localhost rpc.statd[227]: Initializing NSM state
Jun 19 21:33:17 localhost rpc.statd[227]: Running as root.  chown /var/lib/nfs/statd to choose different user
Jun 19 21:33:17 localhost kernel: usb 1-1: new full-speed USB device number 2 using uhci_hcd
Jun 19 21:33:17 localhost systemd[1]: Started dracut pre-udev hook.
Jun 19 21:33:17 localhost systemd[1]: Starting udev Kernel Device Manager...
Jun 19 21:33:17 localhost systemd-udevd[254]: starting version 219
Jun 19 21:33:17 localhost systemd[1]: Started udev Kernel Device Manager.
Jun 19 21:33:17 localhost systemd[1]: Starting dracut pre-trigger hook...
Jun 19 21:33:17 localhost systemd[1]: Started dracut pre-trigger hook.
Jun 19 21:33:17 localhost systemd[1]: Starting udev Coldplug all Devices...
Jun 19 21:33:17 localhost systemd[1]: Mounting Configuration File System...
Jun 19 21:33:17 localhost systemd[1]: Mounted Configuration File System.
Jun 19 21:33:17 localhost systemd[1]: Started udev Coldplug all Devices.
Jun 19 21:33:17 localhost systemd[1]: Starting dracut initqueue hook...
Jun 19 21:33:17 localhost systemd[1]: Reached target System Initialization.
Jun 19 21:33:17 localhost systemd[1]: Starting System Initialization.
Jun 19 21:33:17 localhost systemd[1]: Reached target Basic System.
Jun 19 21:33:17 localhost systemd[1]: Starting Basic System.
Jun 19 21:33:17 localhost kernel: libata version 3.00 loaded.
Jun 19 21:33:17 localhost kernel: FDC 0 is a S82078B
Jun 19 21:33:17 localhost kernel: ACPI: PCI Interrupt Link [LNKC] enabled at IRQ 10
Jun 19 21:33:17 localhost kernel: virtio-pci 0000:00:03.0: virtio_pci: leaving for legacy driver
Jun 19 21:33:17 localhost kernel: virtio-pci 0000:00:04.0: virtio_pci: leaving for legacy driver
Jun 19 21:33:17 localhost kernel: usb 1-1: New USB device found, idVendor=0627, idProduct=0001
Jun 19 21:33:17 localhost kernel: usb 1-1: New USB device strings: Mfr=1, Product=3, SerialNumber=5
Jun 19 21:33:17 localhost kernel: usb 1-1: Product: QEMU USB Tablet
Jun 19 21:33:17 localhost kernel: usb 1-1: Manufacturer: QEMU
Jun 19 21:33:17 localhost kernel: usb 1-1: SerialNumber: 42
Jun 19 21:33:17 localhost kernel: input: QEMU QEMU USB Tablet as /devices/pci0000:00/0000:00:01.2/usb1/1-1/1-1:1.0/input/input4
Jun 19 21:33:17 localhost kernel: ACPI: PCI Interrupt Link [LNKA] enabled at IRQ 10
Jun 19 21:33:17 localhost kernel: virtio-pci 0000:00:05.0: virtio_pci: leaving for legacy driver
Jun 19 21:33:17 localhost kernel: ata_piix 0000:00:01.1: version 2.13
Jun 19 21:33:17 localhost kernel: scsi host0: ata_piix
Jun 19 21:33:17 localhost kernel: scsi host1: ata_piix
Jun 19 21:33:17 localhost kernel: ata1: PATA max MWDMA2 cmd 0x1f0 ctl 0x3f6 bmdma 0xc0a0 irq 14
Jun 19 21:33:17 localhost kernel: ata2: PATA max MWDMA2 cmd 0x170 ctl 0x376 bmdma 0xc0a8 irq 15
Jun 19 21:33:17 localhost kernel: virtio-pci 0000:00:04.0: irq 24 for MSI/MSI-X
Jun 19 21:33:17 localhost kernel: virtio-pci 0000:00:04.0: irq 25 for MSI/MSI-X
Jun 19 21:33:17 localhost kernel: virtio-pci 0000:00:03.0: irq 26 for MSI/MSI-X
Jun 19 21:33:17 localhost kernel: virtio-pci 0000:00:03.0: irq 27 for MSI/MSI-X
Jun 19 21:33:17 localhost kernel: virtio-pci 0000:00:03.0: irq 28 for MSI/MSI-X
Jun 19 21:33:17 localhost kernel: hid-generic 0003:0627:0001.0001: input,hidraw0: USB HID v0.01 Pointer [QEMU QEMU USB Tablet] on usb-0000:00:01.2-1/input0
Jun 19 21:33:17 localhost kernel:  vda: vda1
Jun 19 21:33:18 localhost systemd[1]: Found device /dev/disk/by-uuid/680808cb-4ca5-4a44-852c-ad01fa3093cc.
Jun 19 21:33:18 localhost systemd[1]: Starting File System Check on /dev/disk/by-uuid/680808cb-4ca5-4a44-852c-ad01fa3093cc...
Jun 19 21:33:18 localhost systemd[1]: Started dracut initqueue hook.
Jun 19 21:33:18 localhost systemd[1]: Reached target Remote File Systems (Pre).
Jun 19 21:33:18 localhost systemd[1]: Starting Remote File Systems (Pre).
Jun 19 21:33:18 localhost systemd[1]: Reached target Remote File Systems.
Jun 19 21:33:18 localhost systemd[1]: Starting Remote File Systems.
Jun 19 21:33:18 localhost kernel: tsc: Refined TSC clocksource calibration: 2194.727 MHz
Jun 19 21:33:18 localhost systemd-fsck[315]: /sbin/fsck.xfs: XFS file system.
Jun 19 21:33:18 localhost systemd[1]: Started File System Check on /dev/disk/by-uuid/680808cb-4ca5-4a44-852c-ad01fa3093cc.
Jun 19 21:33:18 localhost systemd[1]: Mounting /sysroot...
Jun 19 21:33:18 localhost kernel: SGI XFS with ACLs, security attributes, no debug enabled
Jun 19 21:33:18 localhost kernel: XFS (vda1): Mounting V5 Filesystem
Jun 19 21:33:18 localhost kernel: XFS (vda1): Starting recovery (logdev: internal)
Jun 19 21:33:19 localhost kernel: XFS (vda1): Ending recovery (logdev: internal)
Jun 19 21:33:19 localhost systemd[1]: Mounted /sysroot.
Jun 19 21:33:19 localhost systemd[1]: Reached target Initrd Root File System.
Jun 19 21:33:19 localhost systemd[1]: Starting Initrd Root File System.
Jun 19 21:33:19 localhost systemd[1]: Starting Reload Configuration from the Real Root...
Jun 19 21:33:19 localhost systemd[1]: Reloading.
Jun 19 21:33:19 localhost systemd[1]: Started Reload Configuration from the Real Root.
Jun 19 21:33:19 localhost systemd[1]: Reached target Initrd File Systems.
Jun 19 21:33:19 localhost systemd[1]: Starting Initrd File Systems.
Jun 19 21:33:19 localhost systemd[1]: Reached target Initrd Default Target.
Jun 19 21:33:19 localhost systemd[1]: Starting Initrd Default Target.
Jun 19 21:33:19 localhost systemd[1]: Starting dracut pre-pivot and cleanup hook...
Jun 19 21:33:19 localhost rpcbind[223]: cannot open file = /run/rpcbind/rpcbind.xdr for writing
Jun 19 21:33:19 localhost rpcbind[223]: cannot save any registration
Jun 19 21:33:19 localhost rpcbind[223]: cannot open file = /run/rpcbind/portmap.xdr for writing
Jun 19 21:33:19 localhost rpcbind[223]: cannot save any registration
Jun 19 21:33:19 localhost systemd[1]: Started dracut pre-pivot and cleanup hook.
Jun 19 21:33:19 localhost systemd[1]: Starting Cleaning Up and Shutting Down Daemons...
Jun 19 21:33:19 localhost systemd[1]: Stopped target Timers.
Jun 19 21:33:19 localhost systemd[1]: Stopping Timers.
Jun 19 21:33:19 localhost systemd[1]: Stopped Cleaning Up and Shutting Down Daemons.
Jun 19 21:33:19 localhost systemd[1]: Stopped dracut pre-pivot and cleanup hook.
Jun 19 21:33:19 localhost systemd[1]: Stopping dracut pre-pivot and cleanup hook...
Jun 19 21:33:19 localhost systemd[1]: Stopped target Remote File Systems.
Jun 19 21:33:19 localhost systemd[1]: Stopping Remote File Systems.
Jun 19 21:33:19 localhost systemd[1]: Stopped target Remote File Systems (Pre).
Jun 19 21:33:19 localhost systemd[1]: Stopping Remote File Systems (Pre).
Jun 19 21:33:19 localhost systemd[1]: Stopped dracut initqueue hook.
Jun 19 21:33:19 localhost systemd[1]: Stopping dracut initqueue hook...
Jun 19 21:33:19 localhost systemd[1]: Stopped target Initrd Default Target.
Jun 19 21:33:19 localhost systemd[1]: Stopping Initrd Default Target.
Jun 19 21:33:19 localhost systemd[1]: Stopped target Basic System.
Jun 19 21:33:19 localhost systemd[1]: Stopping Basic System.
Jun 19 21:33:19 localhost systemd[1]: Stopped target Sockets.
Jun 19 21:33:19 localhost systemd[1]: Stopping Sockets.
Jun 19 21:33:19 localhost systemd[1]: Stopped target System Initialization.
Jun 19 21:33:19 localhost systemd[1]: Stopping System Initialization.
Jun 19 21:33:19 localhost systemd[1]: Stopped target Local File Systems.
Jun 19 21:33:19 localhost systemd[1]: Stopping Local File Systems.
Jun 19 21:33:19 localhost systemd[1]: Stopped udev Coldplug all Devices.
Jun 19 21:33:19 localhost systemd[1]: Stopping udev Coldplug all Devices...
Jun 19 21:33:19 localhost systemd[1]: Stopped dracut pre-trigger hook.
Jun 19 21:33:19 localhost systemd[1]: Stopping dracut pre-trigger hook...
Jun 19 21:33:19 localhost systemd[1]: Stopped Apply Kernel Variables.
Jun 19 21:33:19 localhost systemd[1]: Stopping Apply Kernel Variables...
Jun 19 21:33:19 localhost systemd[1]: Stopped target Swap.
Jun 19 21:33:19 localhost systemd[1]: Stopping Swap.
Jun 19 21:33:19 localhost systemd[1]: Stopping udev Kernel Device Manager...
Jun 19 21:33:19 localhost systemd[1]: Stopped target Slices.
Jun 19 21:33:19 localhost systemd[1]: Stopping Slices.
Jun 19 21:33:19 localhost systemd[1]: Stopped target Paths.
Jun 19 21:33:19 localhost systemd[1]: Stopping Paths.
Jun 19 21:33:19 localhost systemd[1]: Stopped Dispatch Password Requests to Console Directory Watch.
Jun 19 21:33:19 localhost systemd[1]: Stopping Dispatch Password Requests to Console Directory Watch.
Jun 19 21:33:19 localhost systemd[1]: Stopped udev Kernel Device Manager.
Jun 19 21:33:19 localhost systemd[1]: Stopped Create Static Device Nodes in /dev.
Jun 19 21:33:19 localhost systemd[1]: Stopping Create Static Device Nodes in /dev...
Jun 19 21:33:19 localhost systemd[1]: Stopped Create list of required static device nodes for the current kernel.
Jun 19 21:33:19 localhost systemd[1]: Stopping Create list of required static device nodes for the current kernel...
Jun 19 21:33:19 localhost systemd[1]: Stopped dracut pre-udev hook.
Jun 19 21:33:19 localhost systemd[1]: Stopping dracut pre-udev hook...
Jun 19 21:33:19 localhost systemd[1]: Stopped dracut cmdline hook.
Jun 19 21:33:19 localhost systemd[1]: Stopping dracut cmdline hook...
Jun 19 21:33:19 localhost systemd[1]: Closed udev Control Socket.
Jun 19 21:33:19 localhost systemd[1]: Stopping udev Control Socket.
Jun 19 21:33:19 localhost systemd[1]: Closed udev Kernel Socket.
Jun 19 21:33:19 localhost systemd[1]: Stopping udev Kernel Socket.
Jun 19 21:33:19 localhost systemd[1]: Starting Cleanup udevd DB...
Jun 19 21:33:19 localhost systemd[1]: Started Cleanup udevd DB.
Jun 19 21:33:19 localhost systemd[1]: Reached target Switch Root.
Jun 19 21:33:19 localhost systemd[1]: Starting Switch Root.
Jun 19 21:33:19 localhost systemd[1]: Starting Switch Root...
Jun 19 21:33:19 localhost systemd[1]: Switching root.
Jun 19 21:33:19 localhost systemd-journal[133]: Journal stopped
Jun 19 21:33:22 template-rdo-weirdo-centos-7-1497838444.localdomain systemd-journal[409]: Runtime journal is using 8.0M (max allowed 391.1M, trying to leave 586.6M free of 3.8G available → current limit 391.1M).
Jun 19 21:33:22 template-rdo-weirdo-centos-7-1497838444.localdomain systemd-journal[409]: Runtime journal is using 8.0M (max allowed 391.1M, trying to leave 586.6M free of 3.8G available → current limit 391.1M).
Jun 19 21:33:22 template-rdo-weirdo-centos-7-1497838444.localdomain systemd-journald[133]: Received SIGTERM from PID 1 (systemd).
Jun 19 21:33:22 template-rdo-weirdo-centos-7-1497838444.localdomain kernel: type=1404 audit(1497908000.209:2): enforcing=1 old_enforcing=0 auid=4294967295 ses=4294967295
Jun 19 21:33:22 template-rdo-weirdo-centos-7-1497838444.localdomain kernel: SELinux: 2048 avtab hash slots, 104872 rules.
Jun 19 21:33:22 template-rdo-weirdo-centos-7-1497838444.localdomain kernel: SELinux: 2048 avtab hash slots, 104872 rules.
Jun 19 21:33:22 template-rdo-weirdo-centos-7-1497838444.localdomain kernel: SELinux:  8 users, 14 roles, 4980 types, 301 bools, 1 sens, 1024 cats
Jun 19 21:33:22 template-rdo-weirdo-centos-7-1497838444.localdomain kernel: SELinux:  91 classes, 104872 rules
Jun 19 21:33:22 template-rdo-weirdo-centos-7-1497838444.localdomain kernel: SELinux:  Completing initialization.
Jun 19 21:33:22 template-rdo-weirdo-centos-7-1497838444.localdomain kernel: SELinux:  Setting up existing superblocks.
Jun 19 21:33:22 template-rdo-weirdo-centos-7-1497838444.localdomain kernel: type=1403 audit(1497908000.492:3): policy loaded auid=4294967295 ses=4294967295
Jun 19 21:33:22 template-rdo-weirdo-centos-7-1497838444.localdomain systemd[1]: Successfully loaded SELinux policy in 297.924ms.
Jun 19 21:33:22 template-rdo-weirdo-centos-7-1497838444.localdomain kernel: ip_tables: (C) 2000-2006 Netfilter Core Team
Jun 19 21:33:22 template-rdo-weirdo-centos-7-1497838444.localdomain systemd[1]: Inserted module 'ip_tables'
Jun 19 21:33:22 template-rdo-weirdo-centos-7-1497838444.localdomain systemd[1]: Relabelled /dev and /run in 15.820ms.
Jun 19 21:33:22 template-rdo-weirdo-centos-7-1497838444.localdomain systemd-journal[409]: Journal started
Jun 19 21:33:20 template-rdo-weirdo-centos-7-1497838444.localdomain systemd[1]: systemd 219 running in system mode. (+PAM +AUDIT +SELINUX +IMA -APPARMOR +SMACK +SYSVINIT +UTMP +LIBCRYPTSETUP +GCRYPT +GNUTLS +ACL +XZ -LZ4 -SECCOMP +BLKID +ELFUTILS +KMOD +IDN)
Jun 19 21:33:20 template-rdo-weirdo-centos-7-1497838444.localdomain systemd[1]: Detected virtualization kvm.
Jun 19 21:33:20 template-rdo-weirdo-centos-7-1497838444.localdomain systemd[1]: Detected architecture x86-64.
Jun 19 21:33:20 template-rdo-weirdo-centos-7-1497838444.localdomain systemd[1]: Set hostname to <template-rdo-weirdo-centos-7-1497838444.localdomain>.
Jun 19 21:33:22 template-rdo-weirdo-centos-7-1497838444.localdomain systemd[1]: Started Create list of required static device nodes for the current kernel.
Jun 19 21:33:22 template-rdo-weirdo-centos-7-1497838444.localdomain systemd[1]: Starting Create Static Device Nodes in /dev...
Jun 19 21:33:22 template-rdo-weirdo-centos-7-1497838444.localdomain systemd[1]: Starting Flush Journal to Persistent Storage...
Jun 19 21:33:22 template-rdo-weirdo-centos-7-1497838444.localdomain systemd[1]: Started Load/Save Random Seed.
Jun 19 21:33:22 template-rdo-weirdo-centos-7-1497838444.localdomain systemd[1]: Started udev Coldplug all Devices.
Jun 19 21:33:22 template-rdo-weirdo-centos-7-1497838444.localdomain systemd-journal[409]: Runtime journal is using 8.0M (max allowed 391.1M, trying to leave 586.6M free of 3.8G available → current limit 391.1M).
Jun 19 21:33:22 template-rdo-weirdo-centos-7-1497838444.localdomain systemd[1]: Started Flush Journal to Persistent Storage.
Jun 19 21:33:22 template-rdo-weirdo-centos-7-1497838444.localdomain systemd[1]: Started Configure read-only root support.
Jun 19 21:33:22 template-rdo-weirdo-centos-7-1497838444.localdomain systemd[1]: Started Setup Virtual Console.
Jun 19 21:33:22 template-rdo-weirdo-centos-7-1497838444.localdomain systemd[1]: Started LVM2 metadata daemon.
Jun 19 21:33:22 template-rdo-weirdo-centos-7-1497838444.localdomain systemd[1]: Starting LVM2 metadata daemon...
Jun 19 21:33:22 template-rdo-weirdo-centos-7-1497838444.localdomain kernel: Installing knfsd (copyright (C) 1996 okir@monad.swb.de).
Jun 19 21:33:22 template-rdo-weirdo-centos-7-1497838444.localdomain systemd[1]: Mounted NFSD configuration filesystem.
Jun 19 21:33:22 template-rdo-weirdo-centos-7-1497838444.localdomain systemd[1]: Started Create Static Device Nodes in /dev.
Jun 19 21:33:22 template-rdo-weirdo-centos-7-1497838444.localdomain systemd[1]: Starting udev Kernel Device Manager...
Jun 19 21:33:22 template-rdo-weirdo-centos-7-1497838444.localdomain kernel: Adding 4095996k swap on /.swap.  Priority:-1 extents:20 across:5247432k FS
Jun 19 21:33:22 template-rdo-weirdo-centos-7-1497838444.localdomain systemd[1]: Activated swap /.swap.
Jun 19 21:33:22 template-rdo-weirdo-centos-7-1497838444.localdomain systemd[1]: Reached target Swap.
Jun 19 21:33:22 template-rdo-weirdo-centos-7-1497838444.localdomain systemd[1]: Starting Swap.
Jun 19 21:33:22 template-rdo-weirdo-centos-7-1497838444.localdomain systemd-udevd[454]: starting version 219
Jun 19 21:33:22 template-rdo-weirdo-centos-7-1497838444.localdomain systemd[1]: Started udev Kernel Device Manager.
Jun 19 21:33:22 template-rdo-weirdo-centos-7-1497838444.localdomain systemd[1]: Starting Show Plymouth Boot Screen...
Jun 19 21:33:22 template-rdo-weirdo-centos-7-1497838444.localdomain systemd[1]: Found device /dev/ttyS0.
Jun 19 21:33:22 template-rdo-weirdo-centos-7-1497838444.localdomain kernel: input: PC Speaker as /devices/platform/pcspkr/input/input5
Jun 19 21:33:23 template-rdo-weirdo-centos-7-1497838444.localdomain systemd[1]: Received SIGRTMIN+20 from PID 489 (plymouthd).
Jun 19 21:33:23 template-rdo-weirdo-centos-7-1497838444.localdomain systemd[1]: Started Show Plymouth Boot Screen.
Jun 19 21:33:23 template-rdo-weirdo-centos-7-1497838444.localdomain systemd[1]: Started Forward Password Requests to Plymouth Directory Watch.
Jun 19 21:33:23 template-rdo-weirdo-centos-7-1497838444.localdomain systemd[1]: Starting Forward Password Requests to Plymouth Directory Watch.
Jun 19 21:33:23 template-rdo-weirdo-centos-7-1497838444.localdomain kernel: piix4_smbus 0000:00:01.3: SMBus Host Controller at 0x700, revision 0
Jun 19 21:33:23 template-rdo-weirdo-centos-7-1497838444.localdomain kernel: [drm] Initialized drm 1.1.0 20060810
Jun 19 21:33:23 template-rdo-weirdo-centos-7-1497838444.localdomain kernel: AES CTR mode by8 optimization enabled
Jun 19 21:33:23 template-rdo-weirdo-centos-7-1497838444.localdomain kernel: alg: No test for __gcm-aes-aesni (__driver-gcm-aes-aesni)
Jun 19 21:33:23 template-rdo-weirdo-centos-7-1497838444.localdomain kernel: alg: No test for crc32 (crc32-pclmul)
Jun 19 21:33:23 template-rdo-weirdo-centos-7-1497838444.localdomain kernel: ppdev: user-space parallel port driver
Jun 19 21:33:23 template-rdo-weirdo-centos-7-1497838444.localdomain kernel: [TTM] Zone  kernel: Available graphics memory: 4004946 kiB
Jun 19 21:33:23 template-rdo-weirdo-centos-7-1497838444.localdomain kernel: [TTM] Zone   dma32: Available graphics memory: 2097152 kiB
Jun 19 21:33:23 template-rdo-weirdo-centos-7-1497838444.localdomain kernel: [TTM] Initializing pool allocator
Jun 19 21:33:23 template-rdo-weirdo-centos-7-1497838444.localdomain kernel: [TTM] Initializing DMA pool allocator
Jun 19 21:33:23 template-rdo-weirdo-centos-7-1497838444.localdomain kernel: [drm] fb mappable at 0xFC000000
Jun 19 21:33:23 template-rdo-weirdo-centos-7-1497838444.localdomain kernel: [drm] vram aper at 0xFC000000
Jun 19 21:33:23 template-rdo-weirdo-centos-7-1497838444.localdomain kernel: [drm] size 33554432
Jun 19 21:33:23 template-rdo-weirdo-centos-7-1497838444.localdomain kernel: [drm] fb depth is 24
Jun 19 21:33:23 template-rdo-weirdo-centos-7-1497838444.localdomain kernel: [drm]    pitch is 3072
Jun 19 21:33:23 template-rdo-weirdo-centos-7-1497838444.localdomain kernel: fbcon: cirrusdrmfb (fb0) is primary device
Jun 19 21:33:23 template-rdo-weirdo-centos-7-1497838444.localdomain kernel: Console: switching to colour frame buffer device 128x48
Jun 19 21:33:23 template-rdo-weirdo-centos-7-1497838444.localdomain kernel: cirrus 0000:00:02.0: fb0: cirrusdrmfb frame buffer device
Jun 19 21:33:23 template-rdo-weirdo-centos-7-1497838444.localdomain kernel: intel_rapl: no valid rapl domains found in package 0
Jun 19 21:33:23 template-rdo-weirdo-centos-7-1497838444.localdomain kernel: [drm] Initialized cirrus 1.0.0 20110418 for 0000:00:02.0 on minor 0
Jun 19 21:33:23 template-rdo-weirdo-centos-7-1497838444.localdomain kernel: intel_powerclamp: No package C-state available
Jun 19 21:33:23 template-rdo-weirdo-centos-7-1497838444.localdomain kernel: intel_powerclamp: No package C-state available
Jun 19 21:33:23 template-rdo-weirdo-centos-7-1497838444.localdomain kernel: intel_powerclamp: No package C-state available
Jun 19 21:33:23 template-rdo-weirdo-centos-7-1497838444.localdomain kernel: intel_powerclamp: No package C-state available
Jun 19 21:33:23 template-rdo-weirdo-centos-7-1497838444.localdomain kernel: intel_powerclamp: No package C-state available
Jun 19 21:33:23 template-rdo-weirdo-centos-7-1497838444.localdomain kernel: intel_powerclamp: No package C-state available
Jun 19 21:33:23 template-rdo-weirdo-centos-7-1497838444.localdomain kernel: intel_powerclamp: No package C-state available
Jun 19 21:33:23 template-rdo-weirdo-centos-7-1497838444.localdomain kernel: intel_powerclamp: No package C-state available
Jun 19 21:33:23 template-rdo-weirdo-centos-7-1497838444.localdomain systemd[1]: Started Monitoring of LVM2 mirrors, snapshots etc. using dmeventd or progress polling.
Jun 19 21:33:23 template-rdo-weirdo-centos-7-1497838444.localdomain systemd[1]: Reached target Local File Systems (Pre).
Jun 19 21:33:23 template-rdo-weirdo-centos-7-1497838444.localdomain systemd[1]: Starting Local File Systems (Pre).
Jun 19 21:33:23 template-rdo-weirdo-centos-7-1497838444.localdomain systemd[1]: Reached target Local File Systems.
Jun 19 21:33:23 template-rdo-weirdo-centos-7-1497838444.localdomain systemd[1]: Starting Local File Systems.
Jun 19 21:33:23 template-rdo-weirdo-centos-7-1497838444.localdomain systemd[1]: Starting Import network configuration from initramfs...
Jun 19 21:33:23 template-rdo-weirdo-centos-7-1497838444.localdomain systemd[1]: Starting Preprocess NFS configuration...
Jun 19 21:33:23 template-rdo-weirdo-centos-7-1497838444.localdomain systemd[1]: Starting Tell Plymouth To Write Out Runtime Data...
Jun 19 21:33:23 template-rdo-weirdo-centos-7-1497838444.localdomain systemd[1]: Started Preprocess NFS configuration.
Jun 19 21:33:23 template-rdo-weirdo-centos-7-1497838444.localdomain systemd[1]: Started Tell Plymouth To Write Out Runtime Data.
Jun 19 21:33:23 template-rdo-weirdo-centos-7-1497838444.localdomain systemd[1]: Started Import network configuration from initramfs.
Jun 19 21:33:23 template-rdo-weirdo-centos-7-1497838444.localdomain systemd[1]: Starting Create Volatile Files and Directories...
Jun 19 21:33:23 template-rdo-weirdo-centos-7-1497838444.localdomain systemd[1]: Started Create Volatile Files and Directories.
Jun 19 21:33:23 template-rdo-weirdo-centos-7-1497838444.localdomain systemd[1]: Starting Security Auditing Service...
Jun 19 21:33:23 template-rdo-weirdo-centos-7-1497838444.localdomain augenrules[558]: /sbin/augenrules: No change
Jun 19 21:33:23 template-rdo-weirdo-centos-7-1497838444.localdomain systemd[1]: Started Security Auditing Service.
Jun 19 21:33:23 template-rdo-weirdo-centos-7-1497838444.localdomain systemd[1]: Starting Update UTMP about System Boot/Shutdown...
Jun 19 21:33:23 template-rdo-weirdo-centos-7-1497838444.localdomain auditd[557]: Started dispatcher: /sbin/audispd pid: 573
Jun 19 21:33:23 template-rdo-weirdo-centos-7-1497838444.localdomain auditd[557]: Init complete, auditd 2.6.5 listening for events (startup state enable)
Jun 19 21:33:23 template-rdo-weirdo-centos-7-1497838444.localdomain kernel: type=1305 audit(1497908003.861:4): audit_pid=557 old=0 auid=4294967295 ses=4294967295 subj=system_u:system_r:auditd_t:s0 res=1
Jun 19 21:33:23 template-rdo-weirdo-centos-7-1497838444.localdomain systemd[1]: Started Update UTMP about System Boot/Shutdown.
Jun 19 21:33:23 template-rdo-weirdo-centos-7-1497838444.localdomain audispd[573]: priority_boost_parser called with: 4
Jun 19 21:33:23 template-rdo-weirdo-centos-7-1497838444.localdomain audispd[573]: max_restarts_parser called with: 10
Jun 19 21:33:23 template-rdo-weirdo-centos-7-1497838444.localdomain systemd[1]: Reached target System Initialization.
Jun 19 21:33:23 template-rdo-weirdo-centos-7-1497838444.localdomain systemd[1]: Starting System Initialization.
Jun 19 21:33:23 template-rdo-weirdo-centos-7-1497838444.localdomain systemd[1]: Listening on D-Bus System Message Bus Socket.
Jun 19 21:33:23 template-rdo-weirdo-centos-7-1497838444.localdomain systemd[1]: Starting D-Bus System Message Bus Socket.
Jun 19 21:33:23 template-rdo-weirdo-centos-7-1497838444.localdomain systemd[1]: Listening on Open-iSCSI iscsid Socket.
Jun 19 21:33:23 template-rdo-weirdo-centos-7-1497838444.localdomain systemd[1]: Starting Open-iSCSI iscsid Socket.
Jun 19 21:33:23 template-rdo-weirdo-centos-7-1497838444.localdomain systemd[1]: Listening on RPCbind Server Activation Socket.
Jun 19 21:33:23 template-rdo-weirdo-centos-7-1497838444.localdomain systemd[1]: Starting RPCbind Server Activation Socket.
Jun 19 21:33:23 template-rdo-weirdo-centos-7-1497838444.localdomain systemd[1]: Started Flexible branding.
Jun 19 21:33:23 template-rdo-weirdo-centos-7-1497838444.localdomain systemd[1]: Starting Flexible branding.
Jun 19 21:33:23 template-rdo-weirdo-centos-7-1497838444.localdomain systemd[1]: Reached target Paths.
Jun 19 21:33:23 template-rdo-weirdo-centos-7-1497838444.localdomain systemd[1]: Starting Paths.
Jun 19 21:33:23 template-rdo-weirdo-centos-7-1497838444.localdomain systemd[1]: Started Daily Cleanup of Temporary Directories.
Jun 19 21:33:23 template-rdo-weirdo-centos-7-1497838444.localdomain systemd[1]: Starting Daily Cleanup of Temporary Directories.
Jun 19 21:33:23 template-rdo-weirdo-centos-7-1497838444.localdomain systemd[1]: Reached target Timers.
Jun 19 21:33:23 template-rdo-weirdo-centos-7-1497838444.localdomain systemd[1]: Starting Timers.
Jun 19 21:33:23 template-rdo-weirdo-centos-7-1497838444.localdomain systemd[1]: Listening on Open-iSCSI iscsiuio Socket.
Jun 19 21:33:23 template-rdo-weirdo-centos-7-1497838444.localdomain systemd[1]: Starting Open-iSCSI iscsiuio Socket.
Jun 19 21:33:23 template-rdo-weirdo-centos-7-1497838444.localdomain systemd[1]: Reached target Sockets.
Jun 19 21:33:23 template-rdo-weirdo-centos-7-1497838444.localdomain systemd[1]: Starting Sockets.
Jun 19 21:33:23 template-rdo-weirdo-centos-7-1497838444.localdomain systemd[1]: Reached target Basic System.
Jun 19 21:33:23 template-rdo-weirdo-centos-7-1497838444.localdomain systemd[1]: Starting Basic System.
Jun 19 21:33:23 template-rdo-weirdo-centos-7-1497838444.localdomain systemd[1]: Starting LSB: Bring up/down networking...
Jun 19 21:33:23 template-rdo-weirdo-centos-7-1497838444.localdomain audispd[573]: audispd initialized with q_depth=150 and 1 active plugins
Jun 19 21:33:23 template-rdo-weirdo-centos-7-1497838444.localdomain systemd[1]: Starting GSSAPI Proxy Daemon...
Jun 19 21:33:23 template-rdo-weirdo-centos-7-1497838444.localdomain systemd[1]: Starting Resets System Activity Logs...
Jun 19 21:33:23 template-rdo-weirdo-centos-7-1497838444.localdomain systemd[1]: Starting NTP client/server...
Jun 19 21:33:23 template-rdo-weirdo-centos-7-1497838444.localdomain systemd[1]: Starting Login Service...
Jun 19 21:33:23 template-rdo-weirdo-centos-7-1497838444.localdomain systemd[1]: Starting Dump dmesg to /var/log/dmesg...
Jun 19 21:33:23 template-rdo-weirdo-centos-7-1497838444.localdomain systemd[1]: Starting Rollback uncommitted netcf network config change transactions...
Jun 19 21:33:23 template-rdo-weirdo-centos-7-1497838444.localdomain systemd[1]: Started irqbalance daemon.
Jun 19 21:33:23 template-rdo-weirdo-centos-7-1497838444.localdomain systemd[1]: Starting irqbalance daemon...
Jun 19 21:33:23 template-rdo-weirdo-centos-7-1497838444.localdomain systemd[1]: Starting Initial cloud-init job (pre-networking)...
Jun 19 21:33:23 template-rdo-weirdo-centos-7-1497838444.localdomain netcf-transaction.sh[584]: Running  start: No pending transaction to rollback
Jun 19 21:33:23 template-rdo-weirdo-centos-7-1497838444.localdomain systemd[1]: Started D-Bus System Message Bus.
Jun 19 21:33:23 template-rdo-weirdo-centos-7-1497838444.localdomain chronyd[592]: chronyd version 2.1.1 starting (+CMDMON +NTP +REFCLOCK +RTC +PRIVDROP +DEBUG +ASYNCDNS +IPV6 +SECHASH)
Jun 19 21:33:24 template-rdo-weirdo-centos-7-1497838444.localdomain systemd[1]: Starting D-Bus System Message Bus...
Jun 19 21:33:24 template-rdo-weirdo-centos-7-1497838444.localdomain systemd[1]: Starting Authorization Manager...
Jun 19 21:33:24 template-rdo-weirdo-centos-7-1497838444.localdomain systemd[1]: Started GSSAPI Proxy Daemon.
Jun 19 21:33:24 template-rdo-weirdo-centos-7-1497838444.localdomain systemd[1]: Started Resets System Activity Logs.
Jun 19 21:33:24 template-rdo-weirdo-centos-7-1497838444.localdomain systemd[1]: Started Dump dmesg to /var/log/dmesg.
Jun 19 21:33:24 template-rdo-weirdo-centos-7-1497838444.localdomain systemd[1]: Started Rollback uncommitted netcf network config change transactions.
Jun 19 21:33:24 template-rdo-weirdo-centos-7-1497838444.localdomain systemd-logind[582]: New seat seat0.
Jun 19 21:33:24 template-rdo-weirdo-centos-7-1497838444.localdomain systemd-logind[582]: Watching system buttons on /dev/input/event0 (Power Button)
Jun 19 21:33:24 template-rdo-weirdo-centos-7-1497838444.localdomain systemd[1]: Reached target NFS client services.
Jun 19 21:33:24 template-rdo-weirdo-centos-7-1497838444.localdomain systemd[1]: Starting NFS client services.
Jun 19 21:33:24 template-rdo-weirdo-centos-7-1497838444.localdomain systemd[1]: Started Login Service.
Jun 19 21:33:24 template-rdo-weirdo-centos-7-1497838444.localdomain systemd[1]: Started NTP client/server.
Jun 19 21:33:24 template-rdo-weirdo-centos-7-1497838444.localdomain polkitd[640]: Started polkitd version 0.112
Jun 19 21:33:24 template-rdo-weirdo-centos-7-1497838444.localdomain network[576]: Bringing up loopback interface:  [  OK  ]
Jun 19 21:33:24 template-rdo-weirdo-centos-7-1497838444.localdomain network[576]: Bringing up interface eth0:
Jun 19 21:33:24 template-rdo-weirdo-centos-7-1497838444.localdomain polkitd[640]: Loading rules from directory /etc/polkit-1/rules.d
Jun 19 21:33:24 template-rdo-weirdo-centos-7-1497838444.localdomain polkitd[640]: Loading rules from directory /usr/share/polkit-1/rules.d
Jun 19 21:33:24 template-rdo-weirdo-centos-7-1497838444.localdomain polkitd[640]: Finished loading, compiling and executing 2 rules
Jun 19 21:33:24 template-rdo-weirdo-centos-7-1497838444.localdomain polkitd[640]: Acquired the name org.freedesktop.PolicyKit1 on the system bus
Jun 19 21:33:24 template-rdo-weirdo-centos-7-1497838444.localdomain systemd[1]: Started Authorization Manager.
Jun 19 21:33:25 template-rdo-weirdo-centos-7-1497838444.localdomain dhclient[716]: DHCPREQUEST on eth0 to 255.255.255.255 port 67 (xid=0x18b15a5e)
Jun 19 21:33:26 template-rdo-weirdo-centos-7-1497838444.localdomain cloud-init[588]: [CLOUDINIT] util.py[DEBUG]: Cloud-init v. 0.7.5 running 'init-local' at Mon, 19 Jun 2017 21:33:26 +0000. Up 10.56 seconds.
Jun 19 21:33:26 template-rdo-weirdo-centos-7-1497838444.localdomain cloud-init[588]: [CLOUDINIT] util.py[DEBUG]: Restoring selinux mode for /var/lib/cloud (recursive=False)
Jun 19 21:33:26 template-rdo-weirdo-centos-7-1497838444.localdomain cloud-init[588]: [CLOUDINIT] util.py[DEBUG]: Restoring selinux mode for /var/lib/cloud/scripts (recursive=False)
Jun 19 21:33:26 template-rdo-weirdo-centos-7-1497838444.localdomain cloud-init[588]: [CLOUDINIT] util.py[DEBUG]: Restoring selinux mode for /var/lib/cloud/scripts/per-instance (recursive=False)
Jun 19 21:33:26 template-rdo-weirdo-centos-7-1497838444.localdomain cloud-init[588]: [CLOUDINIT] util.py[DEBUG]: Restoring selinux mode for /var/lib/cloud/scripts/per-once (recursive=False)
Jun 19 21:33:26 template-rdo-weirdo-centos-7-1497838444.localdomain cloud-init[588]: [CLOUDINIT] util.py[DEBUG]: Restoring selinux mode for /var/lib/cloud/scripts/per-boot (recursive=False)
Jun 19 21:33:26 template-rdo-weirdo-centos-7-1497838444.localdomain cloud-init[588]: [CLOUDINIT] util.py[DEBUG]: Restoring selinux mode for /var/lib/cloud/scripts/vendor (recursive=False)
Jun 19 21:33:26 template-rdo-weirdo-centos-7-1497838444.localdomain cloud-init[588]: [CLOUDINIT] util.py[DEBUG]: Restoring selinux mode for /var/lib/cloud/seed (recursive=False)
Jun 19 21:33:26 template-rdo-weirdo-centos-7-1497838444.localdomain cloud-init[588]: Cloud-init v. 0.7.5 running 'init-local' at Mon, 19 Jun 2017 21:33:26 +0000. Up 10.56 seconds.
Jun 19 21:33:26 template-rdo-weirdo-centos-7-1497838444.localdomain cloud-init[588]: [CLOUDINIT] util.py[DEBUG]: Restoring selinux mode for /var/lib/cloud/instances (recursive=False)
Jun 19 21:33:26 template-rdo-weirdo-centos-7-1497838444.localdomain cloud-init[588]: [CLOUDINIT] util.py[DEBUG]: Restoring selinux mode for /var/lib/cloud/handlers (recursive=False)
Jun 19 21:33:26 template-rdo-weirdo-centos-7-1497838444.localdomain cloud-init[588]: [CLOUDINIT] util.py[DEBUG]: Restoring selinux mode for /var/lib/cloud/sem (recursive=False)
Jun 19 21:33:26 template-rdo-weirdo-centos-7-1497838444.localdomain cloud-init[588]: [CLOUDINIT] util.py[DEBUG]: Restoring selinux mode for /var/lib/cloud/data (recursive=False)
Jun 19 21:33:26 template-rdo-weirdo-centos-7-1497838444.localdomain cloud-init[588]: [CLOUDINIT] util.py[DEBUG]: Writing to /var/log/cloud-init.log - ab: [420] 0 bytes
Jun 19 21:33:26 template-rdo-weirdo-centos-7-1497838444.localdomain cloud-init[588]: [CLOUDINIT] util.py[DEBUG]: Restoring selinux mode for /var/log/cloud-init.log (recursive=False)
Jun 19 21:33:26 template-rdo-weirdo-centos-7-1497838444.localdomain cloud-init[588]: [CLOUDINIT] util.py[DEBUG]: Restoring selinux mode for /var/log/cloud-init.log (recursive=False)
Jun 19 21:33:26 template-rdo-weirdo-centos-7-1497838444.localdomain cloud-init[588]: [CLOUDINIT] util.py[DEBUG]: Attempting to remove /var/lib/cloud/instance/boot-finished
Jun 19 21:33:26 template-rdo-weirdo-centos-7-1497838444.localdomain cloud-init[588]: [CLOUDINIT] util.py[DEBUG]: Attempting to remove /var/lib/cloud/instance
Jun 19 21:33:26 template-rdo-weirdo-centos-7-1497838444.localdomain cloud-init[588]: [CLOUDINIT] util.py[DEBUG]: Attempting to remove /var/lib/cloud/data/no-net
Jun 19 21:33:26 template-rdo-weirdo-centos-7-1497838444.localdomain cloud-init[588]: [CLOUDINIT] util.py[DEBUG]: Reading from /var/lib/cloud/instance/obj.pkl (quiet=False)
Jun 19 21:33:26 template-rdo-weirdo-centos-7-1497838444.localdomain cloud-init[588]: [CLOUDINIT] importer.py[DEBUG]: Looking for modules ['rhel', 'cloudinit.distros.rhel'] that have attributes ['Distro']
Jun 19 21:33:26 template-rdo-weirdo-centos-7-1497838444.localdomain cloud-init[588]: [CLOUDINIT] importer.py[DEBUG]: Failed at attempted import of 'rhel' due to: No module named rhel
Jun 19 21:33:26 template-rdo-weirdo-centos-7-1497838444.localdomain cloud-init[588]: [CLOUDINIT] importer.py[DEBUG]: Found rhel with attributes ['Distro'] in ['cloudinit.distros.rhel']
Jun 19 21:33:26 template-rdo-weirdo-centos-7-1497838444.localdomain cloud-init[588]: [CLOUDINIT] stages.py[DEBUG]: Using distro class <class 'cloudinit.distros.rhel.Distro'>
Jun 19 21:33:26 template-rdo-weirdo-centos-7-1497838444.localdomain cloud-init[588]: [CLOUDINIT] __init__.py[DEBUG]: Looking for for data source in: ['NoCloud', 'ConfigDrive', 'OpenNebula', 'Azure', 'AltCloud', 'OVF', 'MAAS', 'GCE', 'OpenStack', 'Ec2', 'CloudSigma', 'CloudStack', 'SmartOS', 'None'], via packages ['', 'cloudinit.sources'] that matches dependencies ['FILESYSTEM']
Jun 19 21:33:26 template-rdo-weirdo-centos-7-1497838444.localdomain cloud-init[588]: [CLOUDINIT] importer.py[DEBUG]: Looking for modules ['DataSourceNoCloud', 'cloudinit.sources.DataSourceNoCloud'] that have attributes ['get_datasource_list']
Jun 19 21:33:26 template-rdo-weirdo-centos-7-1497838444.localdomain cloud-init[588]: [CLOUDINIT] importer.py[DEBUG]: Failed at attempted import of 'DataSourceNoCloud' due to: No module named DataSourceNoCloud
Jun 19 21:33:26 template-rdo-weirdo-centos-7-1497838444.localdomain cloud-init[588]: [CLOUDINIT] importer.py[DEBUG]: Found DataSourceNoCloud with attributes ['get_datasource_list'] in ['cloudinit.sources.DataSourceNoCloud']
Jun 19 21:33:26 template-rdo-weirdo-centos-7-1497838444.localdomain cloud-init[588]: [CLOUDINIT] importer.py[DEBUG]: Looking for modules ['DataSourceConfigDrive', 'cloudinit.sources.DataSourceConfigDrive'] that have attributes ['get_datasource_list']
Jun 19 21:33:26 template-rdo-weirdo-centos-7-1497838444.localdomain cloud-init[588]: [CLOUDINIT] importer.py[DEBUG]: Failed at attempted import of 'DataSourceConfigDrive' due to: No module named DataSourceConfigDrive
Jun 19 21:33:26 template-rdo-weirdo-centos-7-1497838444.localdomain cloud-init[588]: [CLOUDINIT] importer.py[DEBUG]: Found DataSourceConfigDrive with attributes ['get_datasource_list'] in ['cloudinit.sources.DataSourceConfigDrive']
Jun 19 21:33:26 template-rdo-weirdo-centos-7-1497838444.localdomain cloud-init[588]: [CLOUDINIT] importer.py[DEBUG]: Looking for modules ['DataSourceOpenNebula', 'cloudinit.sources.DataSourceOpenNebula'] that have attributes ['get_datasource_list']
Jun 19 21:33:26 template-rdo-weirdo-centos-7-1497838444.localdomain cloud-init[588]: [CLOUDINIT] importer.py[DEBUG]: Failed at attempted import of 'DataSourceOpenNebula' due to: No module named DataSourceOpenNebula
Jun 19 21:33:26 template-rdo-weirdo-centos-7-1497838444.localdomain cloud-init[588]: [CLOUDINIT] importer.py[DEBUG]: Found DataSourceOpenNebula with attributes ['get_datasource_list'] in ['cloudinit.sources.DataSourceOpenNebula']
Jun 19 21:33:26 template-rdo-weirdo-centos-7-1497838444.localdomain cloud-init[588]: [CLOUDINIT] importer.py[DEBUG]: Looking for modules ['DataSourceAzure', 'cloudinit.sources.DataSourceAzure'] that have attributes ['get_datasource_list']
Jun 19 21:33:26 template-rdo-weirdo-centos-7-1497838444.localdomain cloud-init[588]: [CLOUDINIT] importer.py[DEBUG]: Failed at attempted import of 'DataSourceAzure' due to: No module named DataSourceAzure
Jun 19 21:33:27 template-rdo-weirdo-centos-7-1497838444.localdomain cloud-init[588]: [CLOUDINIT] importer.py[DEBUG]: Found DataSourceAzure with attributes ['get_datasource_list'] in ['cloudinit.sources.DataSourceAzure']
Jun 19 21:33:27 template-rdo-weirdo-centos-7-1497838444.localdomain cloud-init[588]: [CLOUDINIT] importer.py[DEBUG]: Looking for modules ['DataSourceAltCloud', 'cloudinit.sources.DataSourceAltCloud'] that have attributes ['get_datasource_list']
Jun 19 21:33:27 template-rdo-weirdo-centos-7-1497838444.localdomain cloud-init[588]: [CLOUDINIT] importer.py[DEBUG]: Failed at attempted import of 'DataSourceAltCloud' due to: No module named DataSourceAltCloud
Jun 19 21:33:27 template-rdo-weirdo-centos-7-1497838444.localdomain cloud-init[588]: [CLOUDINIT] importer.py[DEBUG]: Found DataSourceAltCloud with attributes ['get_datasource_list'] in ['cloudinit.sources.DataSourceAltCloud']
Jun 19 21:33:27 template-rdo-weirdo-centos-7-1497838444.localdomain cloud-init[588]: [CLOUDINIT] importer.py[DEBUG]: Looking for modules ['DataSourceOVF', 'cloudinit.sources.DataSourceOVF'] that have attributes ['get_datasource_list']
Jun 19 21:33:27 template-rdo-weirdo-centos-7-1497838444.localdomain cloud-init[588]: [CLOUDINIT] importer.py[DEBUG]: Failed at attempted import of 'DataSourceOVF' due to: No module named DataSourceOVF
Jun 19 21:33:27 template-rdo-weirdo-centos-7-1497838444.localdomain cloud-init[588]: [CLOUDINIT] importer.py[DEBUG]: Found DataSourceOVF with attributes ['get_datasource_list'] in ['cloudinit.sources.DataSourceOVF']
Jun 19 21:33:27 template-rdo-weirdo-centos-7-1497838444.localdomain cloud-init[588]: [CLOUDINIT] importer.py[DEBUG]: Looking for modules ['DataSourceMAAS', 'cloudinit.sources.DataSourceMAAS'] that have attributes ['get_datasource_list']
Jun 19 21:33:27 template-rdo-weirdo-centos-7-1497838444.localdomain cloud-init[588]: [CLOUDINIT] importer.py[DEBUG]: Failed at attempted import of 'DataSourceMAAS' due to: No module named DataSourceMAAS
Jun 19 21:33:27 template-rdo-weirdo-centos-7-1497838444.localdomain cloud-init[588]: [CLOUDINIT] importer.py[DEBUG]: Failed at attempted import of 'cloudinit.sources.DataSourceMAAS' due to: No module named oauth.oauth
Jun 19 21:33:27 template-rdo-weirdo-centos-7-1497838444.localdomain cloud-init[588]: [CLOUDINIT] importer.py[DEBUG]: Found DataSourceMAAS with attributes ['get_datasource_list'] in []
Jun 19 21:33:27 template-rdo-weirdo-centos-7-1497838444.localdomain cloud-init[588]: [CLOUDINIT] importer.py[DEBUG]: Looking for modules ['DataSourceGCE', 'cloudinit.sources.DataSourceGCE'] that have attributes ['get_datasource_list']
Jun 19 21:33:27 template-rdo-weirdo-centos-7-1497838444.localdomain cloud-init[588]: [CLOUDINIT] importer.py[DEBUG]: Failed at attempted import of 'DataSourceGCE' due to: No module named DataSourceGCE
Jun 19 21:33:27 template-rdo-weirdo-centos-7-1497838444.localdomain cloud-init[588]: [CLOUDINIT] importer.py[DEBUG]: Found DataSourceGCE with attributes ['get_datasource_list'] in ['cloudinit.sources.DataSourceGCE']
Jun 19 21:33:27 template-rdo-weirdo-centos-7-1497838444.localdomain cloud-init[588]: [CLOUDINIT] importer.py[DEBUG]: Looking for modules ['DataSourceOpenStack', 'cloudinit.sources.DataSourceOpenStack'] that have attributes ['get_datasource_list']
Jun 19 21:33:27 template-rdo-weirdo-centos-7-1497838444.localdomain cloud-init[588]: [CLOUDINIT] importer.py[DEBUG]: Failed at attempted import of 'DataSourceOpenStack' due to: No module named DataSourceOpenStack
Jun 19 21:33:27 template-rdo-weirdo-centos-7-1497838444.localdomain cloud-init[588]: [CLOUDINIT] importer.py[DEBUG]: Found DataSourceOpenStack with attributes ['get_datasource_list'] in ['cloudinit.sources.DataSourceOpenStack']
Jun 19 21:33:27 template-rdo-weirdo-centos-7-1497838444.localdomain cloud-init[588]: [CLOUDINIT] importer.py[DEBUG]: Looking for modules ['DataSourceEc2', 'cloudinit.sources.DataSourceEc2'] that have attributes ['get_datasource_list']
Jun 19 21:33:27 template-rdo-weirdo-centos-7-1497838444.localdomain cloud-init[588]: [CLOUDINIT] importer.py[DEBUG]: Failed at attempted import of 'DataSourceEc2' due to: No module named DataSourceEc2
Jun 19 21:33:27 template-rdo-weirdo-centos-7-1497838444.localdomain cloud-init[588]: [CLOUDINIT] importer.py[DEBUG]: Found DataSourceEc2 with attributes ['get_datasource_list'] in ['cloudinit.sources.DataSourceEc2']
Jun 19 21:33:27 template-rdo-weirdo-centos-7-1497838444.localdomain cloud-init[588]: [CLOUDINIT] importer.py[DEBUG]: Looking for modules ['DataSourceCloudSigma', 'cloudinit.sources.DataSourceCloudSigma'] that have attributes ['get_datasource_list']
Jun 19 21:33:27 template-rdo-weirdo-centos-7-1497838444.localdomain cloud-init[588]: [CLOUDINIT] importer.py[DEBUG]: Failed at attempted import of 'DataSourceCloudSigma' due to: No module named DataSourceCloudSigma
Jun 19 21:33:27 template-rdo-weirdo-centos-7-1497838444.localdomain cloud-init[588]: [CLOUDINIT] importer.py[DEBUG]: Found DataSourceCloudSigma with attributes ['get_datasource_list'] in ['cloudinit.sources.DataSourceCloudSigma']
Jun 19 21:33:27 template-rdo-weirdo-centos-7-1497838444.localdomain cloud-init[588]: [CLOUDINIT] importer.py[DEBUG]: Looking for modules ['DataSourceCloudStack', 'cloudinit.sources.DataSourceCloudStack'] that have attributes ['get_datasource_list']
Jun 19 21:33:27 template-rdo-weirdo-centos-7-1497838444.localdomain cloud-init[588]: [CLOUDINIT] importer.py[DEBUG]: Failed at attempted import of 'DataSourceCloudStack' due to: No module named DataSourceCloudStack
Jun 19 21:33:27 template-rdo-weirdo-centos-7-1497838444.localdomain cloud-init[588]: [CLOUDINIT] importer.py[DEBUG]: Found DataSourceCloudStack with attributes ['get_datasource_list'] in ['cloudinit.sources.DataSourceCloudStack']
Jun 19 21:33:27 template-rdo-weirdo-centos-7-1497838444.localdomain cloud-init[588]: [CLOUDINIT] importer.py[DEBUG]: Looking for modules ['DataSourceSmartOS', 'cloudinit.sources.DataSourceSmartOS'] that have attributes ['get_datasource_list']
Jun 19 21:33:27 template-rdo-weirdo-centos-7-1497838444.localdomain cloud-init[588]: [CLOUDINIT] importer.py[DEBUG]: Failed at attempted import of 'DataSourceSmartOS' due to: No module named DataSourceSmartOS
Jun 19 21:33:27 template-rdo-weirdo-centos-7-1497838444.localdomain cloud-init[588]: [CLOUDINIT] importer.py[DEBUG]: Found DataSourceSmartOS with attributes ['get_datasource_list'] in ['cloudinit.sources.DataSourceSmartOS']
Jun 19 21:33:27 template-rdo-weirdo-centos-7-1497838444.localdomain cloud-init[588]: [CLOUDINIT] importer.py[DEBUG]: Looking for modules ['DataSourceNone', 'cloudinit.sources.DataSourceNone'] that have attributes ['get_datasource_list']
Jun 19 21:33:27 template-rdo-weirdo-centos-7-1497838444.localdomain cloud-init[588]: [CLOUDINIT] importer.py[DEBUG]: Failed at attempted import of 'DataSourceNone' due to: No module named DataSourceNone
Jun 19 21:33:27 template-rdo-weirdo-centos-7-1497838444.localdomain cloud-init[588]: [CLOUDINIT] importer.py[DEBUG]: Found DataSourceNone with attributes ['get_datasource_list'] in ['cloudinit.sources.DataSourceNone']
Jun 19 21:33:27 template-rdo-weirdo-centos-7-1497838444.localdomain cloud-init[588]: [CLOUDINIT] __init__.py[DEBUG]: Searching for data source in: ['DataSourceNoCloud', 'DataSourceConfigDrive', 'DataSourceOpenNebula', 'DataSourceOVF']
Jun 19 21:33:27 template-rdo-weirdo-centos-7-1497838444.localdomain cloud-init[588]: [CLOUDINIT] __init__.py[DEBUG]: Seeing if we can get any data from <class 'cloudinit.sources.DataSourceNoCloud.DataSourceNoCloud'>
Jun 19 21:33:27 template-rdo-weirdo-centos-7-1497838444.localdomain cloud-init[588]: [CLOUDINIT] util.py[DEBUG]: Reading from /proc/cmdline (quiet=False)
Jun 19 21:33:27 template-rdo-weirdo-centos-7-1497838444.localdomain cloud-init[588]: [CLOUDINIT] util.py[DEBUG]: Read 193 bytes from /proc/cmdline
Jun 19 21:33:27 template-rdo-weirdo-centos-7-1497838444.localdomain cloud-init[588]: [CLOUDINIT] util.py[DEBUG]: Reading from /var/lib/cloud/seed/nocloud/user-data (quiet=False)
Jun 19 21:33:27 template-rdo-weirdo-centos-7-1497838444.localdomain cloud-init[588]: [CLOUDINIT] util.py[DEBUG]: Reading from /var/lib/cloud/seed/nocloud/meta-data (quiet=False)
Jun 19 21:33:27 template-rdo-weirdo-centos-7-1497838444.localdomain cloud-init[588]: [CLOUDINIT] util.py[DEBUG]: Reading from /var/lib/cloud/seed/nocloud/vendor-data (quiet=False)
Jun 19 21:33:27 template-rdo-weirdo-centos-7-1497838444.localdomain cloud-init[588]: [CLOUDINIT] util.py[DEBUG]: Running command ['blkid', '-odevice', '/dev/sr0'] with allowed return codes [0, 2] (shell=False, capture=True)
Jun 19 21:33:27 template-rdo-weirdo-centos-7-1497838444.localdomain cloud-init[588]: [CLOUDINIT] util.py[DEBUG]: Running command ['blkid', '-odevice', '/dev/sr1'] with allowed return codes [0, 2] (shell=False, capture=True)
Jun 19 21:33:27 template-rdo-weirdo-centos-7-1497838444.localdomain cloud-init[588]: [CLOUDINIT] util.py[DEBUG]: Running command ['blkid', '-tTYPE=vfat', '-odevice'] with allowed return codes [0, 2] (shell=False, capture=True)
Jun 19 21:33:27 template-rdo-weirdo-centos-7-1497838444.localdomain cloud-init[588]: [CLOUDINIT] util.py[DEBUG]: Running command ['blkid', '-tTYPE=iso9660', '-odevice'] with allowed return codes [0, 2] (shell=False, capture=True)
Jun 19 21:33:27 template-rdo-weirdo-centos-7-1497838444.localdomain cloud-init[588]: [CLOUDINIT] util.py[DEBUG]: Running command ['blkid', '-tLABEL=cidata', '-odevice'] with allowed return codes [0, 2] (shell=False, capture=True)
Jun 19 21:33:27 template-rdo-weirdo-centos-7-1497838444.localdomain cloud-init[588]: [CLOUDINIT] __init__.py[DEBUG]: Seeing if we can get any data from <class 'cloudinit.sources.DataSourceConfigDrive.DataSourceConfigDrive'>
Jun 19 21:33:27 template-rdo-weirdo-centos-7-1497838444.localdomain cloud-init[588]: [CLOUDINIT] util.py[DEBUG]: Running command ['blkid', '-odevice', '/dev/sr0'] with allowed return codes [0, 2] (shell=False, capture=True)
Jun 19 21:33:27 template-rdo-weirdo-centos-7-1497838444.localdomain cloud-init[588]: [CLOUDINIT] util.py[DEBUG]: Running command ['blkid', '-odevice', '/dev/sr1'] with allowed return codes [0, 2] (shell=False, capture=True)
Jun 19 21:33:27 template-rdo-weirdo-centos-7-1497838444.localdomain cloud-init[588]: [CLOUDINIT] util.py[DEBUG]: Running command ['blkid', '-tTYPE=vfat', '-odevice'] with allowed return codes [0, 2] (shell=False, capture=True)
Jun 19 21:33:27 template-rdo-weirdo-centos-7-1497838444.localdomain cloud-init[588]: [CLOUDINIT] util.py[DEBUG]: Running command ['blkid', '-tTYPE=iso9660', '-odevice'] with allowed return codes [0, 2] (shell=False, capture=True)
Jun 19 21:33:27 template-rdo-weirdo-centos-7-1497838444.localdomain cloud-init[588]: [CLOUDINIT] util.py[DEBUG]: Running command ['blkid', '-tLABEL=config-2', '-odevice'] with allowed return codes [0, 2] (shell=False, capture=True)
Jun 19 21:33:27 template-rdo-weirdo-centos-7-1497838444.localdomain cloud-init[588]: [CLOUDINIT] __init__.py[DEBUG]: Seeing if we can get any data from <class 'cloudinit.sources.DataSourceOpenNebula.DataSourceOpenNebula'>
Jun 19 21:33:27 template-rdo-weirdo-centos-7-1497838444.localdomain cloud-init[588]: [CLOUDINIT] util.py[DEBUG]: Running command ['blkid', '-tLABEL=CONTEXT', '-odevice'] with allowed return codes [0, 2] (shell=False, capture=True)
Jun 19 21:33:27 template-rdo-weirdo-centos-7-1497838444.localdomain cloud-init[588]: [CLOUDINIT] util.py[DEBUG]: Running command ['blkid', '-tLABEL=CDROM', '-odevice'] with allowed return codes [0, 2] (shell=False, capture=True)
Jun 19 21:33:27 template-rdo-weirdo-centos-7-1497838444.localdomain cloud-init[588]: [CLOUDINIT] util.py[DEBUG]: Running command ['blkid', '-tTYPE=iso9660', '-odevice'] with allowed return codes [0, 2] (shell=False, capture=True)
Jun 19 21:33:27 template-rdo-weirdo-centos-7-1497838444.localdomain cloud-init[588]: [CLOUDINIT] __init__.py[DEBUG]: Seeing if we can get any data from <class 'cloudinit.sources.DataSourceOVF.DataSourceOVF'>
Jun 19 21:33:27 template-rdo-weirdo-centos-7-1497838444.localdomain cloud-init[588]: [CLOUDINIT] util.py[DEBUG]: Reading from /proc/mounts (quiet=False)
Jun 19 21:33:27 template-rdo-weirdo-centos-7-1497838444.localdomain cloud-init[588]: [CLOUDINIT] util.py[DEBUG]: Read 2150 bytes from /proc/mounts
Jun 19 21:33:27 template-rdo-weirdo-centos-7-1497838444.localdomain cloud-init[588]: [CLOUDINIT] util.py[DEBUG]: Fetched {'configfs': {'mountpoint': '/sys/kernel/config', 'opts': 'rw,relatime', 'fstype': 'configfs'}, 'nfsd': {'mountpoint': '/proc/fs/nfsd', 'opts': 'rw,relatime', 'fstype': 'nfsd'}, 'devpts': {'mountpoint': '/dev/pts', 'opts': 'rw,seclabel,nosuid,noexec,relatime,gid=5,mode=620,ptmxmode=000', 'fstype': 'devpts'}, 'debugfs': {'mountpoint': '/sys/kernel/debug', 'opts': 'rw,relatime', 'fstype': 'debugfs'}, 'securityfs': {'mountpoint': '/sys/kernel/security', 'opts': 'rw,nosuid,nodev,noexec,relatime', 'fstype': 'securityfs'}, 'sysfs': {'mountpoint': '/sys', 'opts': 'rw,seclabel,nosuid,nodev,noexec,relatime', 'fstype': 'sysfs'}, 'mqueue': {'mountpoint': '/dev/mqueue', 'opts': 'rw,seclabel,relatime', 'fstype': 'mqueue'}, 'pstore': {'mountpoint': '/sys/fs/pstore', 'opts': 'rw,nosuid,nodev,noexec,relatime', 'fstype': 'pstore'}, 'hugetlbfs': {'mountpoint': '/dev/hugepages', 'opts': 'rw,seclabel,relatime', 'fstype': 'hugetlbfs'}, 'rpc_pipefs': {'mountpoint': '/var/lib/nfs/rpc_pipefs', 'opts': 'rw,relatime', 'fstype': 'rpc_pipefs'}, 'selinuxfs': {'mountpoint': '/sys/fs/selinux', 'opts': 'rw,relatime', 'fstype': 'selinuxfs'}, 'cgroup': {'mountpoint': '/sys/fs/cgroup/devices', 'opts': 'rw,nosuid,nodev,noexec,relatime,devices', 'fstype': 'cgroup'}, 'systemd-1': {'mountpoint': '/proc/sys/fs/binfmt_misc', 'opts': 'rw,relatime,fd=32,pgrp=1,timeout=300,minproto=5,maxproto=5,direct', 'fstype': 'autofs'}, 'tmpfs': {'mountpoint': '/sys/fs/cgroup', 'opts': 'ro,seclabel,nosuid,nodev,noexec,mode=755', 'fstype': 'tmpfs'}, 'proc': {'mountpoint': '/proc', 'opts': 'rw,nosuid,nodev,noexec,relatime', 'fstype': 'proc'}, 'devtmpfs': {'mountpoint': '/dev', 'opts': 'rw,seclabel,nosuid,size=3985336k,nr_inodes=996334,mode=755', 'fstype': 'devtmpfs'}, '/dev/vda1': {'mountpoint': '/', 'opts': 'rw,seclabel,relatime,attr2,inode64,noquota', 'fstype': 'xfs'}, 'rootfs': {'mountpoint': '/', 'opts': 'rw', 'fstype': 'rootfs'}} mounts from proc
Jun 19 21:33:27 template-rdo-weirdo-centos-7-1497838444.localdomain cloud-init[588]: [CLOUDINIT] cloud-init[DEBUG]: No local datasource found
Jun 19 21:33:27 template-rdo-weirdo-centos-7-1497838444.localdomain cloud-init[588]: [CLOUDINIT] util.py[DEBUG]: Reading from /proc/uptime (quiet=False)
Jun 19 21:33:27 template-rdo-weirdo-centos-7-1497838444.localdomain cloud-init[588]: [CLOUDINIT] util.py[DEBUG]: Read 12 bytes from /proc/uptime
Jun 19 21:33:27 template-rdo-weirdo-centos-7-1497838444.localdomain cloud-init[588]: [CLOUDINIT] util.py[DEBUG]: cloud-init mode 'init' took 0.360 seconds (0.36)
Jun 19 21:33:27 template-rdo-weirdo-centos-7-1497838444.localdomain systemd[1]: Started Initial cloud-init job (pre-networking).
Jun 19 21:33:33 template-rdo-weirdo-centos-7-1497838444.localdomain dhclient[716]: DHCPREQUEST on eth0 to 255.255.255.255 port 67 (xid=0x18b15a5e)
Jun 19 21:33:41 template-rdo-weirdo-centos-7-1497838444.localdomain dhclient[716]: DHCPDISCOVER on eth0 to 255.255.255.255 port 67 interval 3 (xid=0x35f26f5)
Jun 19 21:33:41 template-rdo-weirdo-centos-7-1497838444.localdomain dhclient[716]: DHCPREQUEST on eth0 to 255.255.255.255 port 67 (xid=0x35f26f5)
Jun 19 21:33:41 template-rdo-weirdo-centos-7-1497838444.localdomain dhclient[716]: DHCPOFFER from 192.168.99.3
Jun 19 21:33:41 template-rdo-weirdo-centos-7-1497838444.localdomain dhclient[716]: DHCPACK from 192.168.99.3 (xid=0x35f26f5)
Jun 19 21:33:43 template-rdo-weirdo-centos-7-1497838444.localdomain NET[792]: /usr/sbin/dhclient-script : updated /etc/resolv.conf
Jun 19 21:33:43 template-rdo-weirdo-centos-7-1497838444.localdomain dhclient[716]: bound to 192.168.99.140 -- renewal in 34672 seconds.
Jun 19 21:33:43 template-rdo-weirdo-centos-7-1497838444.localdomain network[576]: Determining IP information for eth0... done.
Jun 19 21:33:43 template-rdo-weirdo-centos-7-1497838444.localdomain network[576]: [  OK  ]
Jun 19 21:33:43 template-rdo-weirdo-centos-7-1497838444.localdomain systemd[1]: Started LSB: Bring up/down networking.
Jun 19 21:33:43 template-rdo-weirdo-centos-7-1497838444.localdomain systemd[1]: Reached target Network.
Jun 19 21:33:43 template-rdo-weirdo-centos-7-1497838444.localdomain systemd[1]: Starting Network.
Jun 19 21:33:43 template-rdo-weirdo-centos-7-1497838444.localdomain systemd[1]: Starting Logout off all iSCSI sessions on shutdown...
Jun 19 21:33:43 template-rdo-weirdo-centos-7-1497838444.localdomain systemd[1]: Starting Notify NFS peers of a restart...
Jun 19 21:33:43 template-rdo-weirdo-centos-7-1497838444.localdomain systemd[1]: Starting OpenSSH server daemon...
Jun 19 21:33:43 template-rdo-weirdo-centos-7-1497838444.localdomain systemd[1]: Starting Initial cloud-init job (metadata service crawler)...
Jun 19 21:33:43 template-rdo-weirdo-centos-7-1497838444.localdomain systemd[1]: Starting Postfix Mail Transport Agent...
Jun 19 21:33:43 template-rdo-weirdo-centos-7-1497838444.localdomain systemd[1]: Starting System Logging Service...
Jun 19 21:33:43 template-rdo-weirdo-centos-7-1497838444.localdomain systemd[1]: Starting Xinetd A Powerful Replacement For Inetd...
Jun 19 21:33:43 template-rdo-weirdo-centos-7-1497838444.localdomain systemd[1]: Starting Dynamic System Tuning Daemon...
Jun 19 21:33:43 template-rdo-weirdo-centos-7-1497838444.localdomain xinetd[856]: Reading included configuration file: /etc/xinetd.d/chargen-dgram [file=/etc/xinetd.conf] [line=49]
Jun 19 21:33:44 template-rdo-weirdo-centos-7-1497838444.localdomain xinetd[856]: Reading included configuration file: /etc/xinetd.d/chargen-stream [file=/etc/xinetd.d/chargen-stream] [line=67]
Jun 19 21:33:44 template-rdo-weirdo-centos-7-1497838444.localdomain xinetd[856]: Reading included configuration file: /etc/xinetd.d/daytime-dgram [file=/etc/xinetd.d/daytime-dgram] [line=67]
Jun 19 21:33:44 template-rdo-weirdo-centos-7-1497838444.localdomain xinetd[856]: Reading included configuration file: /etc/xinetd.d/daytime-stream [file=/etc/xinetd.d/daytime-stream] [line=67]
Jun 19 21:33:44 template-rdo-weirdo-centos-7-1497838444.localdomain xinetd[856]: Reading included configuration file: /etc/xinetd.d/discard-dgram [file=/etc/xinetd.d/discard-dgram] [line=67]
Jun 19 21:33:44 template-rdo-weirdo-centos-7-1497838444.localdomain xinetd[856]: Reading included configuration file: /etc/xinetd.d/discard-stream [file=/etc/xinetd.d/discard-stream] [line=67]
Jun 19 21:33:44 template-rdo-weirdo-centos-7-1497838444.localdomain xinetd[856]: Reading included configuration file: /etc/xinetd.d/echo-dgram [file=/etc/xinetd.d/echo-dgram] [line=67]
Jun 19 21:33:44 template-rdo-weirdo-centos-7-1497838444.localdomain xinetd[856]: Reading included configuration file: /etc/xinetd.d/echo-stream [file=/etc/xinetd.d/echo-stream] [line=67]
Jun 19 21:33:44 template-rdo-weirdo-centos-7-1497838444.localdomain xinetd[856]: Reading included configuration file: /etc/xinetd.d/tcpmux-server [file=/etc/xinetd.d/tcpmux-server] [line=67]
Jun 19 21:33:44 template-rdo-weirdo-centos-7-1497838444.localdomain xinetd[856]: Reading included configuration file: /etc/xinetd.d/time-dgram [file=/etc/xinetd.d/time-dgram] [line=68]
Jun 19 21:33:44 template-rdo-weirdo-centos-7-1497838444.localdomain xinetd[856]: Reading included configuration file: /etc/xinetd.d/time-stream [file=/etc/xinetd.d/time-stream] [line=67]
Jun 19 21:33:44 template-rdo-weirdo-centos-7-1497838444.localdomain xinetd[856]: removing chargen
Jun 19 21:33:44 template-rdo-weirdo-centos-7-1497838444.localdomain xinetd[856]: removing chargen
Jun 19 21:33:44 template-rdo-weirdo-centos-7-1497838444.localdomain xinetd[856]: removing daytime
Jun 19 21:33:44 template-rdo-weirdo-centos-7-1497838444.localdomain xinetd[856]: removing daytime
Jun 19 21:33:44 template-rdo-weirdo-centos-7-1497838444.localdomain xinetd[856]: removing discard
Jun 19 21:33:44 template-rdo-weirdo-centos-7-1497838444.localdomain xinetd[856]: removing discard
Jun 19 21:33:44 template-rdo-weirdo-centos-7-1497838444.localdomain xinetd[856]: removing echo
Jun 19 21:33:44 template-rdo-weirdo-centos-7-1497838444.localdomain xinetd[856]: removing echo
Jun 19 21:33:44 template-rdo-weirdo-centos-7-1497838444.localdomain xinetd[856]: removing tcpmux
Jun 19 21:33:44 template-rdo-weirdo-centos-7-1497838444.localdomain xinetd[856]: removing time
Jun 19 21:33:44 template-rdo-weirdo-centos-7-1497838444.localdomain xinetd[856]: removing time
Jun 19 21:33:44 template-rdo-weirdo-centos-7-1497838444.localdomain xinetd[856]: xinetd Version 2.3.15 started with libwrap loadavg labeled-networking options compiled in.
Jun 19 21:33:44 template-rdo-weirdo-centos-7-1497838444.localdomain xinetd[856]: Started working: 0 available services
Jun 19 21:33:44 template-rdo-weirdo-centos-7-1497838444.localdomain systemd[1]: Reached target Network is Online.
Jun 19 21:33:44 template-rdo-weirdo-centos-7-1497838444.localdomain systemd[1]: Starting Network is Online.
Jun 19 21:33:44 template-rdo-weirdo-centos-7-1497838444.localdomain systemd[1]: Started System Logging Service.
Jun 19 21:33:44 template-rdo-weirdo-centos-7-1497838444.localdomain sm-notify[843]: Version 1.3.0 starting
Jun 19 21:33:44 template-rdo-weirdo-centos-7-1497838444.localdomain systemd[1]: Started Logout off all iSCSI sessions on shutdown.
Jun 19 21:33:44 template-rdo-weirdo-centos-7-1497838444.localdomain systemd[1]: Started Notify NFS peers of a restart.
Jun 19 21:33:44 template-rdo-weirdo-centos-7-1497838444.localdomain systemd[1]: Started Xinetd A Powerful Replacement For Inetd.
Jun 19 21:33:44 template-rdo-weirdo-centos-7-1497838444.localdomain systemd[1]: Reached target Remote File Systems (Pre).
Jun 19 21:33:44 template-rdo-weirdo-centos-7-1497838444.localdomain systemd[1]: Starting Remote File Systems (Pre).
Jun 19 21:33:44 template-rdo-weirdo-centos-7-1497838444.localdomain systemd[1]: Reached target Remote File Systems.
Jun 19 21:33:44 template-rdo-weirdo-centos-7-1497838444.localdomain systemd[1]: Starting Remote File Systems.
Jun 19 21:33:44 template-rdo-weirdo-centos-7-1497838444.localdomain systemd[1]: Starting Crash recovery kernel arming...
Jun 19 21:33:44 template-rdo-weirdo-centos-7-1497838444.localdomain systemd[1]: Starting Permit User Sessions...
Jun 19 21:33:44 template-rdo-weirdo-centos-7-1497838444.localdomain systemd[1]: Started Permit User Sessions.
Jun 19 21:33:44 template-rdo-weirdo-centos-7-1497838444.localdomain systemd[1]: Started Job spooling tools.
Jun 19 21:33:44 template-rdo-weirdo-centos-7-1497838444.localdomain systemd[1]: Starting Job spooling tools...
Jun 19 21:33:44 template-rdo-weirdo-centos-7-1497838444.localdomain systemd[1]: Started Command Scheduler.
Jun 19 21:33:44 template-rdo-weirdo-centos-7-1497838444.localdomain systemd[1]: Starting Command Scheduler...
Jun 19 21:33:44 template-rdo-weirdo-centos-7-1497838444.localdomain systemd[1]: Starting Wait for Plymouth Boot Screen to Quit...
Jun 19 21:33:44 template-rdo-weirdo-centos-7-1497838444.localdomain systemd[1]: Starting Terminate Plymouth Boot Screen...
Jun 19 21:33:44 template-rdo-weirdo-centos-7-1497838444.localdomain sshd[844]: Server listening on 0.0.0.0 port 22.
Jun 19 21:33:44 template-rdo-weirdo-centos-7-1497838444.localdomain cloud-init[845]: [CLOUDINIT] util.py[DEBUG]: Cloud-init v. 0.7.5 running 'init' at Mon, 19 Jun 2017 21:33:44 +0000. Up 27.85 seconds.
Jun 19 21:33:44 template-rdo-weirdo-centos-7-1497838444.localdomain sshd[844]: Server listening on :: port 22.
Jun 19 21:33:44 template-rdo-weirdo-centos-7-1497838444.localdomain systemd[1]: Started OpenSSH server daemon.
Jun 19 21:33:44 template-rdo-weirdo-centos-7-1497838444.localdomain cloud-init[845]: Cloud-init v. 0.7.5 running 'init' at Mon, 19 Jun 2017 21:33:44 +0000. Up 27.85 seconds.
Jun 19 21:33:44 template-rdo-weirdo-centos-7-1497838444.localdomain cloud-init[845]: [CLOUDINIT] util.py[DEBUG]: Restoring selinux mode for /var/lib/cloud (recursive=False)
Jun 19 21:33:44 template-rdo-weirdo-centos-7-1497838444.localdomain cloud-init[845]: [CLOUDINIT] util.py[DEBUG]: Restoring selinux mode for /var/lib/cloud/scripts (recursive=False)
Jun 19 21:33:44 template-rdo-weirdo-centos-7-1497838444.localdomain cloud-init[845]: [CLOUDINIT] util.py[DEBUG]: Restoring selinux mode for /var/lib/cloud/scripts/per-instance (recursive=False)
Jun 19 21:33:44 template-rdo-weirdo-centos-7-1497838444.localdomain cloud-init[845]: [CLOUDINIT] util.py[DEBUG]: Restoring selinux mode for /var/lib/cloud/scripts/per-once (recursive=False)
Jun 19 21:33:44 template-rdo-weirdo-centos-7-1497838444.localdomain cloud-init[845]: [CLOUDINIT] util.py[DEBUG]: Restoring selinux mode for /var/lib/cloud/scripts/per-boot (recursive=False)
